******************************************************************************
                  TI ARM Linker PC v16.9.4                     
******************************************************************************
>> Linked Mon Dec 25 15:51:17 2017

OUTPUT FILE NAME:   <simple_peripheral_cc1350lp_app_FlashROM.out>
ENTRY POINT SYMBOL: "ResetISR"  address: 00009ef5


MEMORY CONFIGURATION

         name            origin    length      used     unused   attr    fill
----------------------  --------  ---------  --------  --------  ----  --------
  FLASH                 00000000   0000f000  0000da5c  000015a4  R  X
  FLASH_LAST_PAGE       0001f000   00001000  00000058  00000fa8  R  X
  SRAM                  20000000   00004318  00003601  00000d17  RW X


SEGMENT ALLOCATION MAP

run origin  load origin   length   init length attrs members
----------  ----------- ---------- ----------- ----- -------
00000000    00000000    0000d4fa   0000d4fa    r-x
  00000000    00000000    0000003c   0000003c    r-- .resetVecs
  0000003c    0000003c    00000fc4   00000fc4    r-x .text.1
  00001000    00001000    0000003c   0000003c    r-- .const:ti_sysbios_knl_Task_Object__PARAMS__C
  0000103c    0000103c    00000034   00000034    r-- .const:ti_sysbios_knl_Mailbox_Object__PARAMS__C
  00001070    00001070    00000030   00000030    r-- .const:ti_sysbios_family_arm_m3_Hwi_Object__PARAMS__C
  000010a0    000010a0    0000002c   0000002c    r-- .const:ti_sysbios_hal_Hwi_Object__PARAMS__C
  000010cc    000010cc    00000028   00000028    r-- .const:ti_sysbios_heaps_HeapMem_Module__FXNS__C
  000010f4    000010f4    00000028   00000028    r-- .const:ti_sysbios_knl_Swi_Object__PARAMS__C
  0000111c    0000111c    00000024   00000024    r-- .const:ti_sysbios_gates_GateHwi_Module__FXNS__C
  00001140    00001140    00000024   00000024    r-- .const:ti_sysbios_gates_GateMutex_Module__FXNS__C
  00001164    00001164    00000024   00000024    r-- .const:ti_sysbios_heaps_HeapMem_Object__PARAMS__C
  00001188    00001188    00000024   00000024    r-- .const:ti_sysbios_knl_Clock_Object__PARAMS__C
  000011ac    000011ac    00000024   00000024    r-- .const:ti_sysbios_knl_Semaphore_Object__PARAMS__C
  000011d0    000011d0    00000020   00000020    r-- .const:ti_sysbios_family_arm_m3_Hwi_Object__DESC__C
  000011f0    000011f0    00000020   00000020    r-- .const:ti_sysbios_gates_GateHwi_Object__DESC__C
  00001210    00001210    00000020   00000020    r-- .const:ti_sysbios_gates_GateMutex_Object__DESC__C
  00001230    00001230    00000020   00000020    r-- .const:ti_sysbios_hal_Hwi_Object__DESC__C
  00001250    00001250    00000020   00000020    r-- .const:ti_sysbios_heaps_HeapMem_Object__DESC__C
  00001270    00001270    00000020   00000020    r-- .const:ti_sysbios_knl_Clock_Object__DESC__C
  00001290    00001290    00000020   00000020    r-- .const:ti_sysbios_knl_Mailbox_Object__DESC__C
  000012b0    000012b0    00000020   00000020    r-- .const:ti_sysbios_knl_Queue_Object__DESC__C
  000012d0    000012d0    00000020   00000020    r-- .const:ti_sysbios_knl_Semaphore_Object__DESC__C
  000012f0    000012f0    00000020   00000020    r-- .const:ti_sysbios_knl_Swi_Object__DESC__C
  00001310    00001310    00000020   00000020    r-- .const:ti_sysbios_knl_Task_Object__DESC__C
  00001330    00001330    00000018   00000018    r-- .const:ti_sysbios_gates_GateHwi_Object__PARAMS__C
  00001348    00001348    00000018   00000018    r-- .const:ti_sysbios_gates_GateMutex_Object__PARAMS__C
  00001360    00001360    00000018   00000018    r-- .const:ti_sysbios_knl_Queue_Object__PARAMS__C
  00001378    00001378    00000008   00000008    r-- .const:ti_sysbios_knl_Idle_funcList__C
  00001380    00001380    00000004   00000004    r-x .text.2
  00001384    00001384    00000004   00000004    r-- .const:ti_sysbios_family_arm_cc26xx_Timer_startupNeeded__C
  00001388    00001388    00000004   00000004    r-- .const:ti_sysbios_family_arm_m3_Hwi_E_alreadyDefined__C
  0000138c    0000138c    00000004   00000004    r-- .const:ti_sysbios_family_arm_m3_Hwi_E_hwiLimitExceeded__C
  00001390    00001390    00000004   00000004    r-- .const:ti_sysbios_family_arm_m3_Hwi_NUM_INTERRUPTS__C
  00001394    00001394    00000004   00000004    r-- .const:ti_sysbios_family_arm_m3_Hwi_Object__count__C
  00001398    00001398    00000004   00000004    r-- .const:ti_sysbios_family_arm_m3_Hwi_Object__table__C
  0000139c    0000139c    00000004   00000004    r-- .const:ti_sysbios_family_arm_m3_Hwi_ccr__C
  000013a0    000013a0    00000004   00000004    r-- .const:ti_sysbios_family_arm_m3_Hwi_excHandlerFunc__C
  000013a4    000013a4    00000004   00000004    r-- .const:ti_sysbios_family_arm_m3_Hwi_nullIsrFunc__C
  000013a8    000013a8    00000004   00000004    r-- .const:ti_sysbios_family_arm_m3_Hwi_numSparseInterrupts__C
  000013ac    000013ac    00000004   00000004    r-- .const:ti_sysbios_family_arm_m3_Hwi_priGroup__C
  000013b0    000013b0    00000004   00000004    r-- .const:ti_sysbios_family_arm_m3_TaskSupport_stackAlignment__C
  000013b4    000013b4    00000004   00000004    r-- .const:ti_sysbios_heaps_HeapMem_E_memory__C
  000013b8    000013b8    00000004   00000004    r-- .const:ti_sysbios_heaps_HeapMem_Module__gateObj__C
  000013bc    000013bc    00000004   00000004    r-- .const:ti_sysbios_heaps_HeapMem_Object__count__C
  000013c0    000013c0    00000004   00000004    r-- .const:ti_sysbios_heaps_HeapMem_Object__table__C
  000013c4    000013c4    00000004   00000004    r-- .const:ti_sysbios_heaps_HeapMem_reqAlign__C
  000013c8    000013c8    00000004   00000004    r-- .const:ti_sysbios_knl_Clock_serviceMargin__C
  000013cc    000013cc    00000004   00000004    r-- .const:ti_sysbios_knl_Mailbox_Object__count__C
  000013d0    000013d0    00000004   00000004    r-- .const:ti_sysbios_knl_Mailbox_Object__table__C
  000013d4    000013d4    00000004   00000004    r-- .const:ti_sysbios_knl_Mailbox_maxTypeAlign__C
  000013d8    000013d8    00000004   00000004    r-- .const:ti_sysbios_knl_Queue_Object__count__C
  000013dc    000013dc    00000004   00000004    r-- .const:ti_sysbios_knl_Queue_Object__table__C
  000013e0    000013e0    00000004   00000004    r-- .const:ti_sysbios_knl_Swi_Object__count__C
  000013e4    000013e4    00000004   00000004    r-- .const:ti_sysbios_knl_Swi_Object__table__C
  000013e8    000013e8    00000004   00000004    r-- .const:ti_sysbios_knl_Swi_numPriorities__C
  000013ec    000013ec    00000004   00000004    r-- .const:ti_sysbios_knl_Task_Object__count__C
  000013f0    000013f0    00000004   00000004    r-- .const:ti_sysbios_knl_Task_Object__table__C
  000013f4    000013f4    00000004   00000004    r-- .const:ti_sysbios_knl_Task_allBlockedFunc__C
  000013f8    000013f8    00000004   00000004    r-- .const:ti_sysbios_knl_Task_defaultStackHeap__C
  000013fc    000013fc    00000004   00000004    r-- .const:ti_sysbios_knl_Task_defaultStackSize__C
  00001400    00001400    00000004   00000004    r-- .const:ti_sysbios_knl_Task_numConstructedTasks__C
  00001404    00001404    00000002   00000002    r-x .text.3
  00001406    00001406    00000002   00000002    r-- .const:ti_sysbios_family_arm_cc26xx_Timer_Module__id__C
  00001408    00001408    00000002   00000002    r-- .const:ti_sysbios_family_arm_cc26xx_TimestampProvider_useClockTimer__C
  0000140a    0000140a    00000002   00000002    r-- .const:ti_sysbios_family_arm_m3_Hwi_Module__id__C
  0000140c    0000140c    00000002   00000002    r-- .const:ti_sysbios_gates_GateHwi_Module__id__C
  0000140e    0000140e    00000002   00000002    r-- .const:ti_sysbios_gates_GateMutex_Module__id__C
  00001410    00001410    00000002   00000002    r-- .const:ti_sysbios_heaps_HeapMem_Module__id__C
  00001412    00001412    00000002   00000002    r-- .const:ti_sysbios_knl_Task_initStackFlag__C
  00001414    00001414    00000001   00000001    r-- .const:ti_sysbios_knl_Clock_tickMode__C
  00001418    00001418    00000008   00000008    r-- .const:xdc_runtime_Startup_firstFxns__C
  00001420    00001420    00000008   00000008    r-- .const:xdc_runtime_Startup_lastFxns__C
  00001428    00001428    00000004   00000004    r-- .const:xdc_runtime_Assert_E_assertFailed__C
  0000142c    0000142c    00000004   00000004    r-- .const:xdc_runtime_Error_E_memory__C
  00001430    00001430    00000004   00000004    r-- .const:xdc_runtime_Error_policyFxn__C
  00001434    00001434    00000004   00000004    r-- .const:xdc_runtime_IGateProvider_Interface__BASE__C
  00001438    00001438    00000004   00000004    r-- .const:xdc_runtime_IHeap_Interface__BASE__C
  0000143c    0000143c    00000004   00000004    r-- .const:xdc_runtime_IModule_Interface__BASE__C
  00001440    00001440    00000004   00000004    r-- .const:xdc_runtime_Main_Module__diagsEnabled__C
  00001444    00001444    00000004   00000004    r-- .const:xdc_runtime_Main_Module__diagsIncluded__C
  00001448    00001448    00000004   00000004    r-- .const:xdc_runtime_Main_Module__diagsMask__C
  0000144c    0000144c    00000004   00000004    r-- .const:xdc_runtime_Memory_defaultHeapInstance__C
  00001450    00001450    00000004   00000004    r-- .const:xdc_runtime_Startup_execImpl__C
  00001454    00001454    00000004   00000004    r-- .const:xdc_runtime_Startup_maxPasses__C
  00001458    00001458    00000004   00000004    r-- .const:xdc_runtime_Startup_sfxnRts__C
  0000145c    0000145c    00000004   00000004    r-- .const:xdc_runtime_Startup_sfxnTab__C
  00001460    00001460    00000004   00000004    r-- .const:xdc_runtime_Startup_startModsFxn__C
  00001464    00001464    00000004   00000004    r-- .const:xdc_runtime_SysCallback_abortFxn__C
  00001468    00001468    00000004   00000004    r-- .const:xdc_runtime_SysCallback_exitFxn__C
  0000146c    0000146c    00000004   00000004    r-- .const:xdc_runtime_System_abortFxn__C
  00001470    00001470    00000004   00000004    r-- .const:xdc_runtime_System_exitFxn__C
  00001474    00001474    00000004   00000004    r-- .const:xdc_runtime_System_maxAtexitHandlers__C
  00001478    00001478    00000004   00000004    r-- .const:xdc_runtime_Text_charTab__C
  0000147c    0000147c    00000004   00000004    r-- .const:xdc_runtime_Text_nameEmpty__C
  00001480    00001480    00000004   00000004    r-- .const:xdc_runtime_Text_nameStatic__C
  00001484    00001484    00000004   00000004    r-- .const:xdc_runtime_Text_nameUnknown__C
  00001488    00001488    00000002   00000002    r-- .const:xdc_runtime_Main_Module__id__C
  0000148a    0000148a    00000002   00000002    r-- .const:xdc_runtime_Memory_Module__id__C
  0000148c    0000148c    00000002   00000002    r-- .const:xdc_runtime_Text_charCnt__C
  0000148e    0000148e    00000002   00000002    r-- .const:xdc_runtime_Text_isLoaded__C
  00001490    00001490    00000001   00000001    r-- .const:xdc_runtime_Error_policy__C
  00001494    00001494    00000004   00000004    r-- .const:ti_sysbios_rom_ROM_AONRTCChannelEnable
  00001498    00001498    00000004   00000004    r-- .const:ti_sysbios_rom_ROM_AONRTCCompareValueSet
  0000149c    0000149c    00000004   00000004    r-- .const:ti_sysbios_rom_ROM_AONRTCCurrentCompareValueGet
  000014a0    000014a0    00000004   00000004    r-- .const:ti_sysbios_rom_ROM_AONRTCEventClear
  000014a4    000014a4    00000004   00000004    r-- .const:ti_sysbios_rom_ROM_ti_sysbios_family_arm_cc26xx_Timer_getCount64__E
  000014a8    000014a8    00000004   00000004    r-- .const:ti_sysbios_rom_ROM_ti_sysbios_family_arm_cc26xx_Timer_getCurrentTick__E
  000014ac    000014ac    00000004   00000004    r-- .const:ti_sysbios_rom_ROM_ti_sysbios_family_arm_cc26xx_Timer_getMaxTicks__E
  000014b0    000014b0    00000004   00000004    r-- .const:ti_sysbios_rom_ROM_ti_sysbios_family_arm_cc26xx_Timer_initDevice__I
  000014b4    000014b4    00000004   00000004    r-- .const:ti_sysbios_rom_ROM_ti_sysbios_family_arm_cc26xx_Timer_setNextTick__E
  000014b8    000014b8    00000004   00000004    r-- .const:ti_sysbios_rom_ROM_ti_sysbios_family_arm_cc26xx_Timer_setThreshold__I
  000014bc    000014bc    00000004   00000004    r-- .const:ti_sysbios_rom_ROM_ti_sysbios_family_arm_cc26xx_Timer_start__E
  000014c0    000014c0    00000004   00000004    r-- .const:ti_sysbios_rom_ROM_ti_sysbios_family_arm_cc26xx_TimestampProvider_get32__E
  000014c4    000014c4    00000004   00000004    r-- .const:ti_sysbios_rom_ROM_xdc_runtime_Startup_getState__I
  000014c8    000014c8    00000004   00000004    r-- .const:ti_sysbios_rom_ROM_xdc_runtime_System_SupportProxy_abort__E
  000014cc    000014cc    00000004   00000004    r-- .const:ti_sysbios_rom_ROM_xdc_runtime_System_SupportProxy_exit__E
  000014d0    000014d0    00000004   00000004    r-- .const:ti_sysbios_gates_GateMutex_Instance_State_sem__O
  000014d4    000014d4    00000004   00000004    r-- .const:ti_sysbios_knl_Clock_Module_State_clockQ__O
  000014d8    000014d8    00000004   00000004    r-- .const:ti_sysbios_knl_Mailbox_Instance_State_dataQue__O
  000014dc    000014dc    00000004   00000004    r-- .const:ti_sysbios_knl_Mailbox_Instance_State_dataSem__O
  000014e0    000014e0    00000004   00000004    r-- .const:ti_sysbios_knl_Mailbox_Instance_State_freeQue__O
  000014e4    000014e4    00000004   00000004    r-- .const:ti_sysbios_knl_Mailbox_Instance_State_freeSem__O
  000014e8    000014e8    00000004   00000004    r-- .const:ti_sysbios_knl_Semaphore_Instance_State_pendQ__O
  000014ec    000014ec    00000004   00000004    r-- .const:ti_sysbios_knl_Task_Module_State_inactiveQ__O
  000014f0    000014f0    0000acec   0000acec    r-x .text.4
  0000c1dc    0000c1dc    0000131e   0000131e    r-- .const
0000d4fc    0000d4fc    00000008   00000008    rw-
  0000d4fc    0000d4fc    00000008   00000008    rw- .args
0000d508    0000d508    00000560   00000560    r--
  0000d508    0000d508    00000560   00000560    r-- .cinit
0001ffa8    0001ffa8    00000058   00000058    r--
  0001ffa8    0001ffa8    00000058   00000058    r-- .ccfg
20000100    20000100    0000313d   00000000    rw-
  20000100    20000100    00000044   00000000    rw- .data:ti_sysbios_knl_Task_Module__state__V
  20000144    20000144    00000034   00000000    rw- .data:ti_sysbios_family_arm_m3_Hwi_Module__state__V
  20000178    20000178    0000002c   00000000    rw- .data:ti_sysbios_knl_Clock_Module__state__V
  200001a4    200001a4    00000024   00000000    rw- .data:ti_sysbios_BIOS_Module__state__V
  200001c8    200001c8    0000001c   00000000    rw- .data:ti_sysbios_knl_Swi_Module__state__V
  200001e4    200001e4    00000008   00000000    rw- .data:ti_sysbios_family_arm_cc26xx_Timer_Module__state__V
  200001ec    200001ec    00000004   00000000    rw- .data:ti_sysbios_family_arm_cc26xx_TimestampProvider_Module__state__V
  200001f0    200001f0    00000008   00000000    rw- .data:xdc_runtime_Startup_Module__state__V
  200001f8    200001f8    00000008   00000000    rw- .data:xdc_runtime_System_Module__state__V
  20000200    20000200    00000004   00000000    rw- .data:xdc_runtime_Memory_Module__state__V
  20000208    20000208    0000223c   00000000    rw- .data
  20002448    20002448    00000df5   00000000    rw- .bss
20003f18    20003f18    00000400   00000000    rw-
  20003f18    20003f18    00000400   00000000    rw- .stack


SECTION ALLOCATION MAP

 output                                  attributes/
section   page    origin      length       input sections
--------  ----  ----------  ----------   ----------------
.resetVecs 
*          0    00000000    0000003c     
                  00000000    0000003c     app_ble_pem3.oem3 (.resetVecs)

.text.1    0    0000003c    00000fc4     
                  0000003c    000006e4     wearableDevice.obj (.text:mainTaskStructFunction$8)
                  00000720    00000008     (.tramp.ti_sysbios_knl_Clock_start__E.1)
                  00000728    00000604     heart_rate.obj (.text:HeartRate_taskFxn$6)
                  00000d2c    00000008     (.tramp.ti_sysbios_knl_Queue_empty__E.1)
                  00000d34    00000248     peripheral.obj (.text:GAPRole_SetParameter)
                  00000f7c    00000084     icall.obj (.text:ICall_heapMalloc)

.const:ti_sysbios_knl_Task_Object__PARAMS__C 
*          0    00001000    0000003c     
                  00001000    0000003c     app_ble_pem3.oem3 (.const:ti_sysbios_knl_Task_Object__PARAMS__C)

.const:ti_sysbios_knl_Mailbox_Object__PARAMS__C 
*          0    0000103c    00000034     
                  0000103c    00000034     app_ble_pem3.oem3 (.const:ti_sysbios_knl_Mailbox_Object__PARAMS__C)

.const:ti_sysbios_family_arm_m3_Hwi_Object__PARAMS__C 
*          0    00001070    00000030     
                  00001070    00000030     app_ble_pem3.oem3 (.const:ti_sysbios_family_arm_m3_Hwi_Object__PARAMS__C)

.const:ti_sysbios_hal_Hwi_Object__PARAMS__C 
*          0    000010a0    0000002c     
                  000010a0    0000002c     app_ble_pem3.oem3 (.const:ti_sysbios_hal_Hwi_Object__PARAMS__C)

.const:ti_sysbios_heaps_HeapMem_Module__FXNS__C 
*          0    000010cc    00000028     
                  000010cc    00000028     app_ble_pem3.oem3 (.const:ti_sysbios_heaps_HeapMem_Module__FXNS__C)

.const:ti_sysbios_knl_Swi_Object__PARAMS__C 
*          0    000010f4    00000028     
                  000010f4    00000028     app_ble_pem3.oem3 (.const:ti_sysbios_knl_Swi_Object__PARAMS__C)

.const:ti_sysbios_gates_GateHwi_Module__FXNS__C 
*          0    0000111c    00000024     
                  0000111c    00000024     app_ble_pem3.oem3 (.const:ti_sysbios_gates_GateHwi_Module__FXNS__C)

.const:ti_sysbios_gates_GateMutex_Module__FXNS__C 
*          0    00001140    00000024     
                  00001140    00000024     app_ble_pem3.oem3 (.const:ti_sysbios_gates_GateMutex_Module__FXNS__C)

.const:ti_sysbios_heaps_HeapMem_Object__PARAMS__C 
*          0    00001164    00000024     
                  00001164    00000024     app_ble_pem3.oem3 (.const:ti_sysbios_heaps_HeapMem_Object__PARAMS__C)

.const:ti_sysbios_knl_Clock_Object__PARAMS__C 
*          0    00001188    00000024     
                  00001188    00000024     app_ble_pem3.oem3 (.const:ti_sysbios_knl_Clock_Object__PARAMS__C)

.const:ti_sysbios_knl_Semaphore_Object__PARAMS__C 
*          0    000011ac    00000024     
                  000011ac    00000024     app_ble_pem3.oem3 (.const:ti_sysbios_knl_Semaphore_Object__PARAMS__C)

.const:ti_sysbios_family_arm_m3_Hwi_Object__DESC__C 
*          0    000011d0    00000020     
                  000011d0    00000020     app_ble_pem3.oem3 (.const:ti_sysbios_family_arm_m3_Hwi_Object__DESC__C)

.const:ti_sysbios_gates_GateHwi_Object__DESC__C 
*          0    000011f0    00000020     
                  000011f0    00000020     app_ble_pem3.oem3 (.const:ti_sysbios_gates_GateHwi_Object__DESC__C)

.const:ti_sysbios_gates_GateMutex_Object__DESC__C 
*          0    00001210    00000020     
                  00001210    00000020     app_ble_pem3.oem3 (.const:ti_sysbios_gates_GateMutex_Object__DESC__C)

.const:ti_sysbios_hal_Hwi_Object__DESC__C 
*          0    00001230    00000020     
                  00001230    00000020     app_ble_pem3.oem3 (.const:ti_sysbios_hal_Hwi_Object__DESC__C)

.const:ti_sysbios_heaps_HeapMem_Object__DESC__C 
*          0    00001250    00000020     
                  00001250    00000020     app_ble_pem3.oem3 (.const:ti_sysbios_heaps_HeapMem_Object__DESC__C)

.const:ti_sysbios_knl_Clock_Object__DESC__C 
*          0    00001270    00000020     
                  00001270    00000020     app_ble_pem3.oem3 (.const:ti_sysbios_knl_Clock_Object__DESC__C)

.const:ti_sysbios_knl_Mailbox_Object__DESC__C 
*          0    00001290    00000020     
                  00001290    00000020     app_ble_pem3.oem3 (.const:ti_sysbios_knl_Mailbox_Object__DESC__C)

.const:ti_sysbios_knl_Queue_Object__DESC__C 
*          0    000012b0    00000020     
                  000012b0    00000020     app_ble_pem3.oem3 (.const:ti_sysbios_knl_Queue_Object__DESC__C)

.const:ti_sysbios_knl_Semaphore_Object__DESC__C 
*          0    000012d0    00000020     
                  000012d0    00000020     app_ble_pem3.oem3 (.const:ti_sysbios_knl_Semaphore_Object__DESC__C)

.const:ti_sysbios_knl_Swi_Object__DESC__C 
*          0    000012f0    00000020     
                  000012f0    00000020     app_ble_pem3.oem3 (.const:ti_sysbios_knl_Swi_Object__DESC__C)

.const:ti_sysbios_knl_Task_Object__DESC__C 
*          0    00001310    00000020     
                  00001310    00000020     app_ble_pem3.oem3 (.const:ti_sysbios_knl_Task_Object__DESC__C)

.const:ti_sysbios_gates_GateHwi_Object__PARAMS__C 
*          0    00001330    00000018     
                  00001330    00000018     app_ble_pem3.oem3 (.const:ti_sysbios_gates_GateHwi_Object__PARAMS__C)

.const:ti_sysbios_gates_GateMutex_Object__PARAMS__C 
*          0    00001348    00000018     
                  00001348    00000018     app_ble_pem3.oem3 (.const:ti_sysbios_gates_GateMutex_Object__PARAMS__C)

.const:ti_sysbios_knl_Queue_Object__PARAMS__C 
*          0    00001360    00000018     
                  00001360    00000018     app_ble_pem3.oem3 (.const:ti_sysbios_knl_Queue_Object__PARAMS__C)

.const:ti_sysbios_knl_Idle_funcList__C 
*          0    00001378    00000008     
                  00001378    00000008     app_ble_pem3.oem3 (.const:ti_sysbios_knl_Idle_funcList__C)

.text.2    0    00001380    00000004     
                  00001380    00000004     Adafruit_GFX.obj (.text:AdafruitGFX_printc)

.const:ti_sysbios_family_arm_cc26xx_Timer_startupNeeded__C 
*          0    00001384    00000004     
                  00001384    00000004     app_ble_pem3.oem3 (.const:ti_sysbios_family_arm_cc26xx_Timer_startupNeeded__C)

.const:ti_sysbios_family_arm_m3_Hwi_E_alreadyDefined__C 
*          0    00001388    00000004     
                  00001388    00000004     app_ble_pem3.oem3 (.const:ti_sysbios_family_arm_m3_Hwi_E_alreadyDefined__C)

.const:ti_sysbios_family_arm_m3_Hwi_E_hwiLimitExceeded__C 
*          0    0000138c    00000004     
                  0000138c    00000004     app_ble_pem3.oem3 (.const:ti_sysbios_family_arm_m3_Hwi_E_hwiLimitExceeded__C)

.const:ti_sysbios_family_arm_m3_Hwi_NUM_INTERRUPTS__C 
*          0    00001390    00000004     
                  00001390    00000004     app_ble_pem3.oem3 (.const:ti_sysbios_family_arm_m3_Hwi_NUM_INTERRUPTS__C)

.const:ti_sysbios_family_arm_m3_Hwi_Object__count__C 
*          0    00001394    00000004     
                  00001394    00000004     app_ble_pem3.oem3 (.const:ti_sysbios_family_arm_m3_Hwi_Object__count__C)

.const:ti_sysbios_family_arm_m3_Hwi_Object__table__C 
*          0    00001398    00000004     
                  00001398    00000004     app_ble_pem3.oem3 (.const:ti_sysbios_family_arm_m3_Hwi_Object__table__C)

.const:ti_sysbios_family_arm_m3_Hwi_ccr__C 
*          0    0000139c    00000004     
                  0000139c    00000004     app_ble_pem3.oem3 (.const:ti_sysbios_family_arm_m3_Hwi_ccr__C)

.const:ti_sysbios_family_arm_m3_Hwi_excHandlerFunc__C 
*          0    000013a0    00000004     
                  000013a0    00000004     app_ble_pem3.oem3 (.const:ti_sysbios_family_arm_m3_Hwi_excHandlerFunc__C)

.const:ti_sysbios_family_arm_m3_Hwi_nullIsrFunc__C 
*          0    000013a4    00000004     
                  000013a4    00000004     app_ble_pem3.oem3 (.const:ti_sysbios_family_arm_m3_Hwi_nullIsrFunc__C)

.const:ti_sysbios_family_arm_m3_Hwi_numSparseInterrupts__C 
*          0    000013a8    00000004     
                  000013a8    00000004     app_ble_pem3.oem3 (.const:ti_sysbios_family_arm_m3_Hwi_numSparseInterrupts__C)

.const:ti_sysbios_family_arm_m3_Hwi_priGroup__C 
*          0    000013ac    00000004     
                  000013ac    00000004     app_ble_pem3.oem3 (.const:ti_sysbios_family_arm_m3_Hwi_priGroup__C)

.const:ti_sysbios_family_arm_m3_TaskSupport_stackAlignment__C 
*          0    000013b0    00000004     
                  000013b0    00000004     app_ble_pem3.oem3 (.const:ti_sysbios_family_arm_m3_TaskSupport_stackAlignment__C)

.const:ti_sysbios_heaps_HeapMem_E_memory__C 
*          0    000013b4    00000004     
                  000013b4    00000004     app_ble_pem3.oem3 (.const:ti_sysbios_heaps_HeapMem_E_memory__C)

.const:ti_sysbios_heaps_HeapMem_Module__gateObj__C 
*          0    000013b8    00000004     
                  000013b8    00000004     app_ble_pem3.oem3 (.const:ti_sysbios_heaps_HeapMem_Module__gateObj__C)

.const:ti_sysbios_heaps_HeapMem_Object__count__C 
*          0    000013bc    00000004     
                  000013bc    00000004     app_ble_pem3.oem3 (.const:ti_sysbios_heaps_HeapMem_Object__count__C)

.const:ti_sysbios_heaps_HeapMem_Object__table__C 
*          0    000013c0    00000004     
                  000013c0    00000004     app_ble_pem3.oem3 (.const:ti_sysbios_heaps_HeapMem_Object__table__C)

.const:ti_sysbios_heaps_HeapMem_reqAlign__C 
*          0    000013c4    00000004     
                  000013c4    00000004     app_ble_pem3.oem3 (.const:ti_sysbios_heaps_HeapMem_reqAlign__C)

.const:ti_sysbios_knl_Clock_serviceMargin__C 
*          0    000013c8    00000004     
                  000013c8    00000004     app_ble_pem3.oem3 (.const:ti_sysbios_knl_Clock_serviceMargin__C)

.const:ti_sysbios_knl_Mailbox_Object__count__C 
*          0    000013cc    00000004     
                  000013cc    00000004     app_ble_pem3.oem3 (.const:ti_sysbios_knl_Mailbox_Object__count__C)

.const:ti_sysbios_knl_Mailbox_Object__table__C 
*          0    000013d0    00000004     
                  000013d0    00000004     app_ble_pem3.oem3 (.const:ti_sysbios_knl_Mailbox_Object__table__C)

.const:ti_sysbios_knl_Mailbox_maxTypeAlign__C 
*          0    000013d4    00000004     
                  000013d4    00000004     app_ble_pem3.oem3 (.const:ti_sysbios_knl_Mailbox_maxTypeAlign__C)

.const:ti_sysbios_knl_Queue_Object__count__C 
*          0    000013d8    00000004     
                  000013d8    00000004     app_ble_pem3.oem3 (.const:ti_sysbios_knl_Queue_Object__count__C)

.const:ti_sysbios_knl_Queue_Object__table__C 
*          0    000013dc    00000004     
                  000013dc    00000004     app_ble_pem3.oem3 (.const:ti_sysbios_knl_Queue_Object__table__C)

.const:ti_sysbios_knl_Swi_Object__count__C 
*          0    000013e0    00000004     
                  000013e0    00000004     app_ble_pem3.oem3 (.const:ti_sysbios_knl_Swi_Object__count__C)

.const:ti_sysbios_knl_Swi_Object__table__C 
*          0    000013e4    00000004     
                  000013e4    00000004     app_ble_pem3.oem3 (.const:ti_sysbios_knl_Swi_Object__table__C)

.const:ti_sysbios_knl_Swi_numPriorities__C 
*          0    000013e8    00000004     
                  000013e8    00000004     app_ble_pem3.oem3 (.const:ti_sysbios_knl_Swi_numPriorities__C)

.const:ti_sysbios_knl_Task_Object__count__C 
*          0    000013ec    00000004     
                  000013ec    00000004     app_ble_pem3.oem3 (.const:ti_sysbios_knl_Task_Object__count__C)

.const:ti_sysbios_knl_Task_Object__table__C 
*          0    000013f0    00000004     
                  000013f0    00000004     app_ble_pem3.oem3 (.const:ti_sysbios_knl_Task_Object__table__C)

.const:ti_sysbios_knl_Task_allBlockedFunc__C 
*          0    000013f4    00000004     
                  000013f4    00000004     app_ble_pem3.oem3 (.const:ti_sysbios_knl_Task_allBlockedFunc__C)

.const:ti_sysbios_knl_Task_defaultStackHeap__C 
*          0    000013f8    00000004     
                  000013f8    00000004     app_ble_pem3.oem3 (.const:ti_sysbios_knl_Task_defaultStackHeap__C)

.const:ti_sysbios_knl_Task_defaultStackSize__C 
*          0    000013fc    00000004     
                  000013fc    00000004     app_ble_pem3.oem3 (.const:ti_sysbios_knl_Task_defaultStackSize__C)

.const:ti_sysbios_knl_Task_numConstructedTasks__C 
*          0    00001400    00000004     
                  00001400    00000004     app_ble_pem3.oem3 (.const:ti_sysbios_knl_Task_numConstructedTasks__C)

.text.3    0    00001404    00000002     
                  00001404    00000002     Adafruit_GFX.obj (.text:AdafruitGFX_endwrite)

.const:ti_sysbios_family_arm_cc26xx_Timer_Module__id__C 
*          0    00001406    00000002     
                  00001406    00000002     app_ble_pem3.oem3 (.const:ti_sysbios_family_arm_cc26xx_Timer_Module__id__C)

.const:ti_sysbios_family_arm_cc26xx_TimestampProvider_useClockTimer__C 
*          0    00001408    00000002     
                  00001408    00000002     app_ble_pem3.oem3 (.const:ti_sysbios_family_arm_cc26xx_TimestampProvider_useClockTimer__C)

.const:ti_sysbios_family_arm_m3_Hwi_Module__id__C 
*          0    0000140a    00000002     
                  0000140a    00000002     app_ble_pem3.oem3 (.const:ti_sysbios_family_arm_m3_Hwi_Module__id__C)

.const:ti_sysbios_gates_GateHwi_Module__id__C 
*          0    0000140c    00000002     
                  0000140c    00000002     app_ble_pem3.oem3 (.const:ti_sysbios_gates_GateHwi_Module__id__C)

.const:ti_sysbios_gates_GateMutex_Module__id__C 
*          0    0000140e    00000002     
                  0000140e    00000002     app_ble_pem3.oem3 (.const:ti_sysbios_gates_GateMutex_Module__id__C)

.const:ti_sysbios_heaps_HeapMem_Module__id__C 
*          0    00001410    00000002     
                  00001410    00000002     app_ble_pem3.oem3 (.const:ti_sysbios_heaps_HeapMem_Module__id__C)

.const:ti_sysbios_knl_Task_initStackFlag__C 
*          0    00001412    00000002     
                  00001412    00000002     app_ble_pem3.oem3 (.const:ti_sysbios_knl_Task_initStackFlag__C)

.const:ti_sysbios_knl_Clock_tickMode__C 
*          0    00001414    00000001     
                  00001414    00000001     app_ble_pem3.oem3 (.const:ti_sysbios_knl_Clock_tickMode__C)

.const:xdc_runtime_Startup_firstFxns__C 
*          0    00001418    00000008     
                  00001418    00000008     app_ble_pem3.oem3 (.const:xdc_runtime_Startup_firstFxns__C)

.const:xdc_runtime_Startup_lastFxns__C 
*          0    00001420    00000008     
                  00001420    00000008     app_ble_pem3.oem3 (.const:xdc_runtime_Startup_lastFxns__C)

.const:xdc_runtime_Assert_E_assertFailed__C 
*          0    00001428    00000004     
                  00001428    00000004     app_ble_pem3.oem3 (.const:xdc_runtime_Assert_E_assertFailed__C)

.const:xdc_runtime_Error_E_memory__C 
*          0    0000142c    00000004     
                  0000142c    00000004     app_ble_pem3.oem3 (.const:xdc_runtime_Error_E_memory__C)

.const:xdc_runtime_Error_policyFxn__C 
*          0    00001430    00000004     
                  00001430    00000004     app_ble_pem3.oem3 (.const:xdc_runtime_Error_policyFxn__C)

.const:xdc_runtime_IGateProvider_Interface__BASE__C 
*          0    00001434    00000004     
                  00001434    00000004     app_ble_pem3.oem3 (.const:xdc_runtime_IGateProvider_Interface__BASE__C)

.const:xdc_runtime_IHeap_Interface__BASE__C 
*          0    00001438    00000004     
                  00001438    00000004     app_ble_pem3.oem3 (.const:xdc_runtime_IHeap_Interface__BASE__C)

.const:xdc_runtime_IModule_Interface__BASE__C 
*          0    0000143c    00000004     
                  0000143c    00000004     app_ble_pem3.oem3 (.const:xdc_runtime_IModule_Interface__BASE__C)

.const:xdc_runtime_Main_Module__diagsEnabled__C 
*          0    00001440    00000004     
                  00001440    00000004     app_ble_pem3.oem3 (.const:xdc_runtime_Main_Module__diagsEnabled__C)

.const:xdc_runtime_Main_Module__diagsIncluded__C 
*          0    00001444    00000004     
                  00001444    00000004     app_ble_pem3.oem3 (.const:xdc_runtime_Main_Module__diagsIncluded__C)

.const:xdc_runtime_Main_Module__diagsMask__C 
*          0    00001448    00000004     
                  00001448    00000004     app_ble_pem3.oem3 (.const:xdc_runtime_Main_Module__diagsMask__C)

.const:xdc_runtime_Memory_defaultHeapInstance__C 
*          0    0000144c    00000004     
                  0000144c    00000004     app_ble_pem3.oem3 (.const:xdc_runtime_Memory_defaultHeapInstance__C)

.const:xdc_runtime_Startup_execImpl__C 
*          0    00001450    00000004     
                  00001450    00000004     app_ble_pem3.oem3 (.const:xdc_runtime_Startup_execImpl__C)

.const:xdc_runtime_Startup_maxPasses__C 
*          0    00001454    00000004     
                  00001454    00000004     app_ble_pem3.oem3 (.const:xdc_runtime_Startup_maxPasses__C)

.const:xdc_runtime_Startup_sfxnRts__C 
*          0    00001458    00000004     
                  00001458    00000004     app_ble_pem3.oem3 (.const:xdc_runtime_Startup_sfxnRts__C)

.const:xdc_runtime_Startup_sfxnTab__C 
*          0    0000145c    00000004     
                  0000145c    00000004     app_ble_pem3.oem3 (.const:xdc_runtime_Startup_sfxnTab__C)

.const:xdc_runtime_Startup_startModsFxn__C 
*          0    00001460    00000004     
                  00001460    00000004     app_ble_pem3.oem3 (.const:xdc_runtime_Startup_startModsFxn__C)

.const:xdc_runtime_SysCallback_abortFxn__C 
*          0    00001464    00000004     
                  00001464    00000004     app_ble_pem3.oem3 (.const:xdc_runtime_SysCallback_abortFxn__C)

.const:xdc_runtime_SysCallback_exitFxn__C 
*          0    00001468    00000004     
                  00001468    00000004     app_ble_pem3.oem3 (.const:xdc_runtime_SysCallback_exitFxn__C)

.const:xdc_runtime_System_abortFxn__C 
*          0    0000146c    00000004     
                  0000146c    00000004     app_ble_pem3.oem3 (.const:xdc_runtime_System_abortFxn__C)

.const:xdc_runtime_System_exitFxn__C 
*          0    00001470    00000004     
                  00001470    00000004     app_ble_pem3.oem3 (.const:xdc_runtime_System_exitFxn__C)

.const:xdc_runtime_System_maxAtexitHandlers__C 
*          0    00001474    00000004     
                  00001474    00000004     app_ble_pem3.oem3 (.const:xdc_runtime_System_maxAtexitHandlers__C)

.const:xdc_runtime_Text_charTab__C 
*          0    00001478    00000004     
                  00001478    00000004     app_ble_pem3.oem3 (.const:xdc_runtime_Text_charTab__C)

.const:xdc_runtime_Text_nameEmpty__C 
*          0    0000147c    00000004     
                  0000147c    00000004     app_ble_pem3.oem3 (.const:xdc_runtime_Text_nameEmpty__C)

.const:xdc_runtime_Text_nameStatic__C 
*          0    00001480    00000004     
                  00001480    00000004     app_ble_pem3.oem3 (.const:xdc_runtime_Text_nameStatic__C)

.const:xdc_runtime_Text_nameUnknown__C 
*          0    00001484    00000004     
                  00001484    00000004     app_ble_pem3.oem3 (.const:xdc_runtime_Text_nameUnknown__C)

.const:xdc_runtime_Main_Module__id__C 
*          0    00001488    00000002     
                  00001488    00000002     app_ble_pem3.oem3 (.const:xdc_runtime_Main_Module__id__C)

.const:xdc_runtime_Memory_Module__id__C 
*          0    0000148a    00000002     
                  0000148a    00000002     app_ble_pem3.oem3 (.const:xdc_runtime_Memory_Module__id__C)

.const:xdc_runtime_Text_charCnt__C 
*          0    0000148c    00000002     
                  0000148c    00000002     app_ble_pem3.oem3 (.const:xdc_runtime_Text_charCnt__C)

.const:xdc_runtime_Text_isLoaded__C 
*          0    0000148e    00000002     
                  0000148e    00000002     app_ble_pem3.oem3 (.const:xdc_runtime_Text_isLoaded__C)

.const:xdc_runtime_Error_policy__C 
*          0    00001490    00000001     
                  00001490    00000001     app_ble_pem3.oem3 (.const:xdc_runtime_Error_policy__C)

.const:ti_sysbios_rom_ROM_AONRTCChannelEnable 
*          0    00001494    00000004     
                  00001494    00000004     app_ble_pem3.oem3 (.const:ti_sysbios_rom_ROM_AONRTCChannelEnable)

.const:ti_sysbios_rom_ROM_AONRTCCompareValueSet 
*          0    00001498    00000004     
                  00001498    00000004     app_ble_pem3.oem3 (.const:ti_sysbios_rom_ROM_AONRTCCompareValueSet)

.const:ti_sysbios_rom_ROM_AONRTCCurrentCompareValueGet 
*          0    0000149c    00000004     
                  0000149c    00000004     app_ble_pem3.oem3 (.const:ti_sysbios_rom_ROM_AONRTCCurrentCompareValueGet)

.const:ti_sysbios_rom_ROM_AONRTCEventClear 
*          0    000014a0    00000004     
                  000014a0    00000004     app_ble_pem3.oem3 (.const:ti_sysbios_rom_ROM_AONRTCEventClear)

.const:ti_sysbios_rom_ROM_ti_sysbios_family_arm_cc26xx_Timer_getCount64__E 
*          0    000014a4    00000004     
                  000014a4    00000004     app_ble_pem3.oem3 (.const:ti_sysbios_rom_ROM_ti_sysbios_family_arm_cc26xx_Timer_getCount64__E)

.const:ti_sysbios_rom_ROM_ti_sysbios_family_arm_cc26xx_Timer_getCurrentTick__E 
*          0    000014a8    00000004     
                  000014a8    00000004     app_ble_pem3.oem3 (.const:ti_sysbios_rom_ROM_ti_sysbios_family_arm_cc26xx_Timer_getCurrentTick__E)

.const:ti_sysbios_rom_ROM_ti_sysbios_family_arm_cc26xx_Timer_getMaxTicks__E 
*          0    000014ac    00000004     
                  000014ac    00000004     app_ble_pem3.oem3 (.const:ti_sysbios_rom_ROM_ti_sysbios_family_arm_cc26xx_Timer_getMaxTicks__E)

.const:ti_sysbios_rom_ROM_ti_sysbios_family_arm_cc26xx_Timer_initDevice__I 
*          0    000014b0    00000004     
                  000014b0    00000004     app_ble_pem3.oem3 (.const:ti_sysbios_rom_ROM_ti_sysbios_family_arm_cc26xx_Timer_initDevice__I)

.const:ti_sysbios_rom_ROM_ti_sysbios_family_arm_cc26xx_Timer_setNextTick__E 
*          0    000014b4    00000004     
                  000014b4    00000004     app_ble_pem3.oem3 (.const:ti_sysbios_rom_ROM_ti_sysbios_family_arm_cc26xx_Timer_setNextTick__E)

.const:ti_sysbios_rom_ROM_ti_sysbios_family_arm_cc26xx_Timer_setThreshold__I 
*          0    000014b8    00000004     
                  000014b8    00000004     app_ble_pem3.oem3 (.const:ti_sysbios_rom_ROM_ti_sysbios_family_arm_cc26xx_Timer_setThreshold__I)

.const:ti_sysbios_rom_ROM_ti_sysbios_family_arm_cc26xx_Timer_start__E 
*          0    000014bc    00000004     
                  000014bc    00000004     app_ble_pem3.oem3 (.const:ti_sysbios_rom_ROM_ti_sysbios_family_arm_cc26xx_Timer_start__E)

.const:ti_sysbios_rom_ROM_ti_sysbios_family_arm_cc26xx_TimestampProvider_get32__E 
*          0    000014c0    00000004     
                  000014c0    00000004     app_ble_pem3.oem3 (.const:ti_sysbios_rom_ROM_ti_sysbios_family_arm_cc26xx_TimestampProvider_get32__E)

.const:ti_sysbios_rom_ROM_xdc_runtime_Startup_getState__I 
*          0    000014c4    00000004     
                  000014c4    00000004     app_ble_pem3.oem3 (.const:ti_sysbios_rom_ROM_xdc_runtime_Startup_getState__I)

.const:ti_sysbios_rom_ROM_xdc_runtime_System_SupportProxy_abort__E 
*          0    000014c8    00000004     
                  000014c8    00000004     app_ble_pem3.oem3 (.const:ti_sysbios_rom_ROM_xdc_runtime_System_SupportProxy_abort__E)

.const:ti_sysbios_rom_ROM_xdc_runtime_System_SupportProxy_exit__E 
*          0    000014cc    00000004     
                  000014cc    00000004     app_ble_pem3.oem3 (.const:ti_sysbios_rom_ROM_xdc_runtime_System_SupportProxy_exit__E)

.const:ti_sysbios_gates_GateMutex_Instance_State_sem__O 
*          0    000014d0    00000004     
                  000014d0    00000004     app_ble_pem3.oem3 (.const:ti_sysbios_gates_GateMutex_Instance_State_sem__O)

.const:ti_sysbios_knl_Clock_Module_State_clockQ__O 
*          0    000014d4    00000004     
                  000014d4    00000004     app_ble_pem3.oem3 (.const:ti_sysbios_knl_Clock_Module_State_clockQ__O)

.const:ti_sysbios_knl_Mailbox_Instance_State_dataQue__O 
*          0    000014d8    00000004     
                  000014d8    00000004     app_ble_pem3.oem3 (.const:ti_sysbios_knl_Mailbox_Instance_State_dataQue__O)

.const:ti_sysbios_knl_Mailbox_Instance_State_dataSem__O 
*          0    000014dc    00000004     
                  000014dc    00000004     app_ble_pem3.oem3 (.const:ti_sysbios_knl_Mailbox_Instance_State_dataSem__O)

.const:ti_sysbios_knl_Mailbox_Instance_State_freeQue__O 
*          0    000014e0    00000004     
                  000014e0    00000004     app_ble_pem3.oem3 (.const:ti_sysbios_knl_Mailbox_Instance_State_freeQue__O)

.const:ti_sysbios_knl_Mailbox_Instance_State_freeSem__O 
*          0    000014e4    00000004     
                  000014e4    00000004     app_ble_pem3.oem3 (.const:ti_sysbios_knl_Mailbox_Instance_State_freeSem__O)

.const:ti_sysbios_knl_Semaphore_Instance_State_pendQ__O 
*          0    000014e8    00000004     
                  000014e8    00000004     app_ble_pem3.oem3 (.const:ti_sysbios_knl_Semaphore_Instance_State_pendQ__O)

.const:ti_sysbios_knl_Task_Module_State_inactiveQ__O 
*          0    000014ec    00000004     
                  000014ec    00000004     app_ble_pem3.oem3 (.const:ti_sysbios_knl_Task_Module_State_inactiveQ__O)

.cinit     0    0000d508    00000560     
                  0000d508    00000426     (.cinit..data.load) [load image, compression = lzss]
                  0000d92e    0000002a     (.cinit..data:ti_sysbios_family_arm_m3_Hwi_Module__state__V.load) [load image, compression = lzss]
                  0000d958    00000021     (.cinit..data:ti_sysbios_knl_Task_Module__state__V.load) [load image, compression = lzss]
                  0000d979    0000001f     (.cinit..data:ti_sysbios_BIOS_Module__state__V.load) [load image, compression = lzss]
                  0000d998    0000001d     (.cinit..data:ti_sysbios_knl_Clock_Module__state__V.load) [load image, compression = lzss]
                  0000d9b5    00000010     (.cinit..data:ti_sysbios_knl_Swi_Module__state__V.load) [load image, compression = lzss]
                  0000d9c5    00000003     --HOLE-- [fill = 0]
                  0000d9c8    0000000c     (__TI_handler_table)
                  0000d9d4    0000000b     (.cinit..data:ti_sysbios_family_arm_cc26xx_Timer_Module__state__V.load) [load image, compression = lzss]
                  0000d9df    00000001     --HOLE-- [fill = 0]
                  0000d9e0    00000008     (.cinit..bss.load) [load image, compression = zero_init]
                  0000d9e8    00000008     (.cinit..data:xdc_runtime_Memory_Module__state__V.load) [load image, compression = lzss]
                  0000d9f0    00000007     (.cinit..data:ti_sysbios_family_arm_cc26xx_TimestampProvider_Module__state__V.load) [load image, compression = lzss]
                  0000d9f7    00000007     (.cinit..data:xdc_runtime_Startup_Module__state__V.load) [load image, compression = lzss]
                  0000d9fe    00000007     (.cinit..data:xdc_runtime_System_Module__state__V.load) [load image, compression = lzss]
                  0000da05    00000003     --HOLE-- [fill = 0]
                  0000da08    00000060     (__TI_cinit_table)

.ccfg      0    0001ffa8    00000058     
                  0001ffa8    00000058     ccfg_app_ble.obj (.ccfg:retain)

.vecs      0    20000000    000000c8     NOLOAD SECTION
                  20000000    000000c8     app_ble_pem3.oem3 (.vecs)

.data:ti_sysbios_knl_Task_Module__state__V 
*          0    20000100    00000044     UNINITIALIZED
                  20000100    00000044     app_ble_pem3.oem3 (.data:ti_sysbios_knl_Task_Module__state__V)

.data:ti_sysbios_family_arm_m3_Hwi_Module__state__V 
*          0    20000144    00000034     UNINITIALIZED
                  20000144    00000034     app_ble_pem3.oem3 (.data:ti_sysbios_family_arm_m3_Hwi_Module__state__V)

.data:ti_sysbios_knl_Clock_Module__state__V 
*          0    20000178    0000002c     UNINITIALIZED
                  20000178    0000002c     app_ble_pem3.oem3 (.data:ti_sysbios_knl_Clock_Module__state__V)

.data:ti_sysbios_BIOS_Module__state__V 
*          0    200001a4    00000024     UNINITIALIZED
                  200001a4    00000024     app_ble_pem3.oem3 (.data:ti_sysbios_BIOS_Module__state__V)

.data:ti_sysbios_knl_Swi_Module__state__V 
*          0    200001c8    0000001c     UNINITIALIZED
                  200001c8    0000001c     app_ble_pem3.oem3 (.data:ti_sysbios_knl_Swi_Module__state__V)

.data:ti_sysbios_family_arm_cc26xx_Timer_Module__state__V 
*          0    200001e4    00000008     UNINITIALIZED
                  200001e4    00000008     app_ble_pem3.oem3 (.data:ti_sysbios_family_arm_cc26xx_Timer_Module__state__V)

.data:ti_sysbios_family_arm_cc26xx_TimestampProvider_Module__state__V 
*          0    200001ec    00000004     UNINITIALIZED
                  200001ec    00000004     app_ble_pem3.oem3 (.data:ti_sysbios_family_arm_cc26xx_TimestampProvider_Module__state__V)

.data:xdc_runtime_Startup_Module__state__V 
*          0    200001f0    00000008     UNINITIALIZED
                  200001f0    00000008     app_ble_pem3.oem3 (.data:xdc_runtime_Startup_Module__state__V)

.data:xdc_runtime_System_Module__state__V 
*          0    200001f8    00000008     UNINITIALIZED
                  200001f8    00000008     app_ble_pem3.oem3 (.data:xdc_runtime_System_Module__state__V)

.data:xdc_runtime_Memory_Module__state__V 
*          0    20000200    00000004     UNINITIALIZED
                  20000200    00000004     app_ble_pem3.oem3 (.data:xdc_runtime_Memory_Module__state__V)

.bootVecs 
*          0    00000000    00000008     DSECT
                  00000000    00000008     boot.aem3 : boot.oem3 (.bootVecs)

xdc.meta   0    00000000    000000fa     COPY SECTION
                  00000000    000000fa     app_ble_pem3.oem3 (xdc.meta)

xdc.noload 
*          0    00000000    00000000     COPY SECTION

.init_array 
*          0    00000000    00000000     UNINITIALIZED

.text.4    0    000014f0    0000acec     
                  000014f0    00002164     rf_multiMode_cc13x0.arm3 : RFCC26XX_multiMode.orm3 (.text)
                  00003654    000010f2     rtsv7M3_T_le_eabi.lib : _printfi.obj (.text)
                  00004746    00000002     Adafruit_GFX.obj (.text:AdafruitGFX_startwrite)
                  00004748    000005cc     peripheral.obj (.text:gapRole_taskFxn$25)
                  00004d14    00000500     driverlib.lib : setup.obj (.text:TrimAfterColdResetWakeupFromShutDown$59)
                  00005214    0000030c     drivers_cc13x0.aem3 : PowerCC26XX_calibrateRCOSC.oem3 (.text:PowerCC26XX_auxISR)
                  00005520    00000228     driverlib.lib : sys_ctrl.obj (.text:NOROM_SysCtrlSetRechargeBeforePowerDown)
                  00005748    00000224     drivers_cc13x0.aem3 : PowerCC26XX.oem3 (.text:Power_sleep)
                  0000596c    000001f4     rtsv7M3_T_le_eabi.lib : ull_div_t2.obj (.text)
                  00005b60    000001e4     Adafruit_GFX.obj (.text:AdafruitGFX_drawChar)
                  00005d44    000001d4     Adafruit_SSD1306.obj (.text:AdafruitSSD1306_drawFastHLine)
                  00005f18    000001d0     Adafruit_SSD1306.obj (.text:AdafruitSSD1306_drawFastVLine)
                  000060e8    000001bc     drivers_cc13x0.aem3 : PINCC26XX.oem3 (.text:PIN_init)
                  000062a4    000001b6     rtsv7M3_T_le_eabi.lib : fd_add_t2.obj (.text)
                  0000645a    00000002     ble_user_config.obj (.text:DefaultAssertCback)
                  0000645c    00000190     drivers_cc13x0.aem3 : PowerCC26XX_calibrateRCOSC.oem3 (.text:PowerCC26XX_doCalibrate)
                  000065ec    00000154                         : I2CCC26XX.oem3 (.text:I2CCC26XX_open)
                  00006740    00000136     rtsv7M3_T_le_eabi.lib : fd_div_t2.obj (.text)
                  00006876    00000002     drivers_cc13x0.aem3 : PowerCC26XX.oem3 (.text:emptyClockFunc)
                  00006878    00000120     peripheral.obj (.text:GAPRole_GetParameter)
                  00006998    0000011c     driverlib.lib : setup.obj (.text:NOROM_SetupTrimDevice)
                  00006ab4    00000118     main.obj (.text:main)
                  00006bcc    00000114     drivers_cc13x0.aem3 : PowerCC26XX.oem3 (.text:Power_init)
                  00006ce0    00000114     wearableDevice.obj (.text:wearableDevice_init)
                  00006df4    00000110     drivers_cc13x0.aem3 : I2CCC26XX.oem3 (.text:I2CCC26XX_hwiFxn)
                  00006f04    00000108     wearableDevice.obj (.text:mainClockTaskStructFunction)
                  0000700c    00000106     icall.obj (.text:ICall_primWaitMatch$13)
                  00007112    000000fc     rtsv7M3_T_le_eabi.lib : fd_mul_t2.obj (.text)
                  0000720e    00000002                           : i_div0.obj (.text)
                  00007210    000000f0     drivers_cc13x0.aem3 : GPIOCC26XX.oem3 (.text:GPIO_setConfig)
                  00007300    000000e8     rom_sysbios.aem3 : rom_sysbios.obj (.text:ti_sysbios_knl_Event_pend__E)
                  000073e8    000000e4     dpl_cc13x0.aem3 : PowerCC26XX_tirtos.oem3 (.text:PowerCC26XX_standbyPolicy)
                  000074cc    000000e0     Adafruit_GFX.obj (.text:AdafruitGFX_write)
                  000075ac    000000dc     drivers_cc13x0.aem3 : PINCC26XX.oem3 (.text:PINCC26XX_setIoCfg)
                  00007688    000000d8     driverlib.lib : rfc.obj (.text:NOROM_RFCRfTrimRead)
                  00007760    000000d4                   : rfc.obj (.text:NOROM_RFCOverrideUpdate)
                  00007834    000000d2     Adafruit_GFX.obj (.text:AdafruitGFX_writeLine)
                  00007906    00000002     rom_sysbios.aem3 : rom_sysbios.obj (.text:ti_sysbios_BIOS_linkedWithIncorrectBootLibrary__E)
                  00007908    000000d0     Adafruit_SSD1306.obj (.text:AdafruitSSD1306_drawPixel)
                  000079d8    000000d0     rtsv7M3_T_le_eabi.lib : s_scalbn.obj (.text)
                  00007aa8    000000c0     drivers_cc13x0.aem3 : I2CCC26XX.oem3 (.text:I2CCC26XX_transfer)
                  00007b68    000000bc                         : GPIOCC26XX.oem3 (.text:GPIO_init)
                  00007c24    000000bc                         : PowerCC26XX.oem3 (.text:Power_releaseDependency)
                  00007ce0    000000b4                         : PowerCC26XX.oem3 (.text:Power_setDependency)
                  00007d94    000000b0     devinfoservice.obj (.text:devInfo_ReadAttrCB$19)
                  00007e44    000000a4     drivers_cc13x0.aem3 : PowerCC26XX.oem3 (.text:switchXOSCHFclockFunc)
                  00007ee8    000000a0     TRNGCC26XX.obj (.text:TRNGCC26XX_getNumber)
                  00007f88    000000a0     auto_init.aem3 : auto_init.oem3 (.text)
                  00008028    0000009c     rtsv7M3_T_le_eabi.lib : memcpy_t2.obj (.text)
                  000080c4    00000098     drivers_cc13x0.aem3 : PINCC26XX.oem3 (.text:PIN_open)
                  0000815c    00000098     rom_sysbios.aem3 : rom_sysbios.obj (.text:ti_sysbios_knl_Clock_workFuncDynamic__E)
                  000081f4    00000094     icall.obj (.text:ICall_primSetTimer$13)
                  00008288    00000090     Adafruit_GFX.obj (.text:AdafruitGFX_drawBitmap)
                  00008318    00000090     gattservapp_util.obj (.text:GATTServApp_ProcessCharCfg)
                  000083a8    00000090     drivers_cc13x0.aem3 : I2CCC26XX.oem3 (.text:I2CCC26XX_cancel)
                  00008438    0000008c                         : I2CCC26XX.oem3 (.text:I2CCC26XX_primeTransfer)
                  000084c4    0000008c     simple_gatt_profile.obj (.text:simpleProfile_WriteAttrCB$27)
                  00008550    00000088     driverlib.lib : osc.obj (.text:NOROM_OSCHF_GetStartupTime)
                  000085d8    00000086     rtsv7M3_T_le_eabi.lib : fd_cmp_t2.obj (.text:__aeabi_cdcmple)
                  0000865e    00000086                           : fd_cmp_t2.obj (.text:__aeabi_cdrcmple)
                  000086e4    0000007c     peripheral.obj (.text:gapRole_startConnUpdate$25)
                  00008760    0000007c     heartrateservice.obj (.text:heartRate_WriteAttrCB$22)
                  000087dc    0000007a     rtsv7M3_T_le_eabi.lib : memset_t2.obj (.text)
                  00008856    00000076     gattservapp_util.obj (.text:gattServApp_SendNotiInd$21)
                  000088cc    00000074     icall_cc2650.obj (.text:ICallPlatform_pwrUpdActivityCounter)
                  00008940    00000074     icall.obj (.text:ICall_primSend$13)
                  000089b4    00000074     rom_sysbios.aem3 : rom_sysbios.obj (.text:ti_sysbios_family_arm_cc26xx_Timer_start__E)
                  00008a28    00000070     battservice.obj (.text:battNotifyLevel$18)
                  00008a98    00000070     rom_sysbios.aem3 : rom_sysbios.obj (.text:ti_sysbios_knl_Event_post__E)
                  00008b08    0000006c     icall.obj (.text:ICall_createRemoteTasks)
                  00008b74    0000006c     drivers_cc13x0.aem3 : PowerCC26XX_calibrateRCOSC.oem3 (.text:PowerCC26XX_initiateCalibration)
                  00008be0    0000006c     battservice.obj (.text:battMeasure$18)
                  00008c4c    00000068     Adafruit_SSD1306.obj (.text:AdafruitSSD1306_displayPage)
                  00008cb4    00000068     drivers_cc13x0.aem3 : I2CCC26XX.oem3 (.text:I2CCC26XX_close)
                  00008d1c    00000068     driverlib.lib : sys_ctrl.obj (.text:NOROM_SysCtrlAdjustRechargeAfterPowerDown)
                  00008d84    00000068                   : sys_ctrl.obj (.text:NOROM_SysCtrl_DCDC_VoltageConditionalControl)
                  00008dec    00000068     rtsv7M3_T_le_eabi.lib : copy_decompress_lzss.obj (.text:decompress:lzss)
                  00008e54    00000068     drivers_cc13x0.aem3 : PowerCC26XX.oem3 (.text:lfClockReadyCallback)
                  00008ebc    00000064     driverlib.lib : osc.obj (.text:NOROM_OSCHF_AttemptToSwitchToXosc)
                  00008f20    00000064     drivers_cc13x0.aem3 : PINCC26XX.oem3 (.text:PIN_add)
                  00008f84    00000064     simple_gatt_profile.obj (.text:SimpleProfile_SetParameter)
                  00008fe8    00000064     drivers_cc13x0.aem3 : PowerCC26XX.oem3 (.text:configureXOSCHF)
                  0000904c    00000060     gattservapp_util.obj (.text:GATTServApp_ProcessCCCWriteReq)
                  000090ac    00000060     icall.obj (.text:ICall_primEnroll$13)
                  0000910c    00000060     driverlib.lib : osc.obj (.text:NOROM_OSCClockSourceSet)
                  0000916c    00000060     battservice.obj (.text:battReadAttrCB$18)
                  000091cc    00000060     wearableDevice.obj (.text:gpioButtonFxn0)
                  0000922c    0000005e     rtsv7M3_T_le_eabi.lib : i_divt2.obj (.text)
                  0000928a    00000002     app_ble_pem3.oem3 (.text:ti_sysbios_BIOS_nullFunc__I)
                  0000928c    0000005c     icall.obj (.text:ICall_primThreadServes$13)
                  000092e8    0000005c     drivers_cc13x0.aem3 : PowerCC26XX_calibrateRCOSC.oem3 (.text:PowerCC26XX_RCOSC_clockFunc)
                  00009344    0000005c                         : PowerCC26XX.oem3 (.text:PowerCC26XX_calibrate)
                  000093a0    0000005c     rtsv7M3_T_le_eabi.lib : s_frexp.obj (.text)
                  000093fc    0000005c     simple_gatt_profile.obj (.text:simpleProfile_ReadAttrCB$27)
                  00009458    0000005c     app_ble_pem3.oem3 (.text:xdc_runtime_Startup_getState__I)
                  000094b4    00000058     peripheral.obj (.text:GAPRole_StartDevice)
                  0000950c    00000058     drivers_cc13x0.aem3 : I2CCC26XX.oem3 (.text:I2CCC26XX_swiFxn)
                  00009564    00000058                         : PINCC26XX.oem3 (.text:PIN_remove)
                  000095bc    00000054     i2ctransfer.obj (.text:I2c_WriteRegister)
                  00009610    00000054     icall.obj (.text:ICall_primFetchMsg$13)
                  00009664    00000054     wearableDevice.obj (.text:primaryTaskStructFunction)
                  000096b8    00000054     rtsv7M3_T_le_eabi.lib : exit.obj (.text)
                  0000970c    00000054                           : ltoa.obj (.text)
                  00009760    00000052     icall.obj (.text:ICall_primWait$13)
                  000097b2    00000052     rtsv7M3_T_le_eabi.lib : sprintf.obj (.text)
                  00009804    00000050     Adafruit_GFX.obj (.text:AdafruitGFX_drawLine)
                  00009854    00000050     icall_api.obj (.text:GAP_UpdateAdvertisingData)
                  000098a4    00000050     icall.obj (.text:ICall_primRegisterApp$13)
                  000098f4    00000050     wearableDevice.obj (.text:pedometer_measurement)
                  00009944    0000004c     battservice.obj (.text:Batt_AddService)
                  00009990    0000004c     drivers_cc13x0.aem3 : I2CCC26XX.oem3 (.text:I2CCC26XX_initHw)
                  000099dc    0000004c     icall.obj (.text:ICall_newTask$13)
                  00009a28    0000004c     icall.obj (.text:ICall_primGetEntityId$13)
                  00009a74    0000004c     drivers_cc13x0.aem3 : GPIOCC26XX.oem3 (.text:powerPostNotify)
                  00009ac0    0000004c     rtsv7M3_T_le_eabi.lib : atoi.obj (.text)
                  00009b0c    0000004c                           : cpy_tbl.obj (.text)
                  00009b58    0000004a     util.obj (.text:Util_enqueueMsg)
                  00009ba2    00000048     Adafruit_GFX.obj (.text:AdafruitGFX_drawRect)
                  00009bea    00000002     rom_sysbios.aem3 : rom_sysbios.obj (.text:ti_sysbios_knl_Clock_triggerFunc__I)
                  00009bec    00000048     Adafruit_SSD1306.obj (.text:AdafruitSSD1306_display)
                  00009c34    00000048     dpl_cc13x0.aem3 : ClockP_tirtos.oem3 (.text:ClockP_construct)
                  00009c7c    00000048     peripheral.obj (.text:GAPRole_TerminateConnection)
                  00009cc4    00000048     util.obj (.text:Util_constructClock)
                  00009d0c    00000048     battservice.obj (.text:battWriteAttrCB$18)
                  00009d54    00000048     icall_api.obj (.text:gattIndNoti$16)
                  00009d9c    00000048     rtsv7M3_T_le_eabi.lib : fd_toi_t2.obj (.text)
                  00009de4    00000044     main.obj (.text:AssertHandler)
                  00009e28    00000044     bigtime.obj (.text:Clock_setMonth)
                  00009e6c    00000044     i2ctransfer.obj (.text:I2c_WriteByte)
                  00009eb0    00000044     simple_gatt_profile.obj (.text:SimpleProfile_GetParameter)
                  00009ef4    00000044     boot.aem3 : boot.oem3 (.text)
                  00009f38    00000044     icall_api.obj (.text:gapSendParamAndPtrCmd$16)
                  00009f7c    00000044     drivers_cc13x0.aem3 : PowerCC26XX.oem3 (.text:notify)
                  00009fc0    00000042     icall.obj (.text:ICall_primCreateTask$13)
                  0000a002    00000002     app_ble_pem3.oem3 (.text:ti_sysbios_rom_cortexm_cc13xx_CC13xx_badRomRevision__E)
                  0000a004    00000040     peripheral.obj (.text:GAPRole_createTask)
                  0000a044    00000040     drivers_cc13x0.aem3 : GPIOCC26XX.oem3 (.text:GPIO_enableInt)
                  0000a084    00000040                         : I2C.oem3 (.text:I2C_init)
                  0000a0c4    00000040                         : I2C.oem3 (.text:I2C_open)
                  0000a104    00000040                         : PINCC26XX.oem3 (.text:PIN_swi)
                  0000a144    00000040     rom_sysbios.aem3 : rom_sysbios.obj (.text:ti_sysbios_family_arm_cc26xx_Timer_setThreshold__I)
                  0000a184    0000003e     dpl_cc13x0.aem3 : HwiP_tirtos.oem3 (.text:HwiP_construct)
                  0000a1c2    00000002     rom_sysbios.aem3 : rom_sysbios.obj (.text:xdc_runtime_SysCallback_defaultAbort)
                  0000a1c4    0000003c     icall_api.obj (.text:GAP_GetParamValue)
                  0000a200    0000003c     icall_api.obj (.text:GATTServApp_RegisterService)
                  0000a23c    0000003c     heart_rate.obj (.text:HeartRate_createTask)
                  0000a278    0000003c     icall_cc2650.obj (.text:ICallPlatform_pwrConfigACAction)
                  0000a2b4    0000003c     icall.obj (.text:ICall_primFetchServiceMsg$13)
                  0000a2f0    0000003c     driverlib.lib : osc.obj (.text:NOROM_OSC_HPOSCRelativeFrequencyOffsetGet)
                  0000a32c    0000003c                   : rfc.obj (.text:NOROM_RFCSynthPowerDown)
                  0000a368    0000003c     drivers_cc13x0.aem3 : PowerCC26XX.oem3 (.text:PowerCC26XX_isStableXOSC_HF)
                  0000a3a4    0000003c     dpl_cc13x0.aem3 : SwiP_tirtos.oem3 (.text:SwiP_construct)
                  0000a3e0    0000003c     drivers_cc13x0.aem3 : PowerCC26XX.oem3 (.text:disableLfClkQualifiersEnableClkLoss)
                  0000a41c    0000003c     icall_api.obj (.text:profileSetParameter$16)
                  0000a458    0000003c     icall_api.obj (.text:sendWaitMatchCS$16)
                  0000a494    0000003c     icall_api.obj (.text:sendWaitMatchValueCS$16)
                  0000a4d0    0000003c     rom_sysbios.aem3 : rom_sysbios.obj (.text:ti_sysbios_family_arm_m3_Hwi_construct2__E)
                  0000a50c    00000038     heart_rate.obj (.text:HeartRate_enqueueMsg$6)
                  0000a544    00000038     icall.obj (.text:ICall_primGetMaxMSecs$13)
                  0000a57c    00000038     drivers_cc13x0.aem3 : PINCC26XX.oem3 (.text:PIN_setOutputValue)
                  0000a5b4    00000038     util.obj (.text:Util_restartClock)
                  0000a5ec    00000038     rom_sysbios.aem3 : rom_sysbios.obj (.text:ti_sysbios_family_arm_cc26xx_Seconds_get__E)
                  0000a624    00000038                      : rom_sysbios.obj (.text:ti_sysbios_family_arm_cc26xx_Timer_getCurrentTick__E)
                  0000a65c    00000036     icall_api.obj (.text:waitMatchCS$16)
                  0000a692    00000002     rom_sysbios.aem3 : rom_sysbios.obj (.text:xdc_runtime_SysCallback_defaultExit)
                  0000a694    00000034     icall_api.obj (.text:GAPBondMgr_SetParameter)
                  0000a6c8    00000034     icall_api.obj (.text:GAP_SetParamValue)
                  0000a6fc    00000034     drivers_cc13x0.aem3 : GPIOCC26XX.oem3 (.text:GPIO_setCallback)
                  0000a730    00000034                         : GPIOCC26XX.oem3 (.text:GPIO_toggle)
                  0000a764    00000034     icall.obj (.text:ICall_dispatch$13)
                  0000a798    00000034     icall.obj (.text:ICall_primEntityId2ServiceId$13)
                  0000a7cc    00000034     icall.obj (.text:ICall_primRegisterISR$13)
                  0000a800    00000034     icall.obj (.text:ICall_primRegisterISR_Ext$13)
                  0000a834    00000034     icall.obj (.text:ICall_searchServiceEntity)
                  0000a868    00000034     driverlib.lib : ddi.obj (.text:NOROM_DDI32RegWrite)
                  0000a89c    00000034                   : osc.obj (.text:NOROM_OSCHF_SwitchToRcOscTurnOffXosc)
                  0000a8d0    00000034     drivers_cc13x0.aem3 : PINCC26XX.oem3 (.text:PIN_setConfig)
                  0000a904    00000034                         : PowerCC26XX.oem3 (.text:Power_releaseConstraint)
                  0000a938    00000034     icall_api.obj (.text:osal_snv_read)
                  0000a96c    00000034     icall_api.obj (.text:osal_snv_write)
                  0000a9a0    00000034     dvMMA9553.obj (.text:pedometer_Read)
                  0000a9d4    00000034     icall_api.obj (.text:profileAddService$16)
                  0000aa08    00000034     rom_sysbios.aem3 : rom_sysbios.obj (.text:ti_sysbios_family_arm_cc26xx_Timer_initDevice__I)
                  0000aa3c    00000034                      : rom_sysbios.obj (.text:ti_sysbios_knl_Swi_setPri__E)
                  0000aa70    00000032     icall_api.obj (.text:gapSendParamsCmd$16)
                  0000aaa2    00000032     icall_api.obj (.text:gapSendPtrParamsCmd$16)
                  0000aad4    00000032     heartrateservice.obj (.text:heartRate_ReadAttrCB$22)
                  0000ab06    00000032     icall_api.obj (.text:matchGapSetGetParamCS$16)
                  0000ab38    00000032     icall_api.obj (.text:matchGattCmdStatus$16)
                  0000ab6a    00000032     icall_api.obj (.text:matchUtilNvCS$16)
                  0000ab9c    00000032     rom_sysbios.aem3 : rom_sysbios.obj (.text:ti_sysbios_family_arm_cc26xx_Timer_setNextTick__E)
                  0000abce    00000002     --HOLE-- [fill = 0]
                  0000abd0    00000030     Adafruit_GFX.obj (.text:AdafruitGFX_setRotation)
                  0000ac00    00000030     icall_cc2650.obj (.text:ICallPlatform_pwrNotify$14)
                  0000ac30    00000030     icall_cc2650.obj (.text:ICallPlatform_pwrRegisterNotify)
                  0000ac60    00000030     icall.obj (.text:ICall_msecs2Ticks$13)
                  0000ac90    00000030     icall.obj (.text:ICall_searchTask$13)
                  0000acc0    00000030     driverlib.lib : setup_rom.obj (.text:NOROM_SetupSetAonRtcSubSecInc)
                  0000acf0    00000030                   : trng.obj (.text:NOROM_TRNGConfigure)
                  0000ad20    00000030     drivers_cc13x0.aem3 : PowerCC26XX.oem3 (.text:Power_setConstraint)
                  0000ad50    00000030     app_ble_pem3.oem3 (.text:ti_sysbios_BIOS_atExitFunc__I)
                  0000ad80    00000030     app_ble_pem3.oem3 (.text:ti_sysbios_BIOS_startFunc__I)
                  0000adb0    0000002e     icall_cc2650.obj (.text:ICallPlatform_pwrDispenseImpl$14)
                  0000adde    0000002e     icall_cc2650.obj (.text:ICallPlatform_pwrRequireImpl$14)
                  0000ae0c    0000002e     rtsv7M3_T_le_eabi.lib : i_tofd_t2.obj (.text)
                  0000ae3a    00000002     --HOLE-- [fill = 0]
                  0000ae3c    0000002c     icall.obj (.text:ICall_heapFree)
                  0000ae68    0000002c     icall.obj (.text:ICall_msgEnqueue$13)
                  0000ae94    0000002c     icall.obj (.text:ICall_primAllocMsg$13)
                  0000aec0    0000002c     icall_api.obj (.text:ICall_sendServiceMsg$16)
                  0000aeec    0000002c     driverlib.lib : chipinfo.obj (.text:NOROM_ChipInfo_GetChipType)
                  0000af18    0000002c                   : osc.obj (.text:NOROM_OSCClockSourceGet)
                  0000af44    0000002c                   : rfc.obj (.text:NOROM_RFCCPEPatchReset)
                  0000af70    0000002c     drivers_cc13x0.aem3 : PINCC26XX.oem3 (.text:PINCC26XX_setMux)
                  0000af9c    0000002c     dpl_cc13x0.aem3 : SemaphoreP_tirtos.oem3 (.text:SemaphoreP_constructBinary)
                  0000afc8    0000002c                     : SemaphoreP_tirtos.oem3 (.text:SemaphoreP_createBinary)
                  0000aff4    0000002c     icall_api.obj (.text:matchProfileAddServiceCS$16)
                  0000b020    0000002c     rom_sysbios.aem3 : rom_sysbios.obj (.text:ti_sysbios_knl_Clock_getTicksUntilInterrupt__E)
                  0000b04c    0000002c     app_ble_pem3.oem3 (.text:ti_sysbios_knl_Event_construct)
                  0000b078    00000008     (.tramp.xdc_runtime_Core_constructObject__I.1)
                  0000b080    0000002c     rom_sysbios.aem3 : rom_sysbios.obj (.text:ti_sysbios_knl_Event_pendTimeout__I)
                  0000b0ac    0000002a     Adafruit_GFX.obj (.text:AdafruitGFX_fillRect)
                  0000b0d6    0000002a     icall_api.obj (.text:ICall_waitMatch$16)
                  0000b100    0000002a     icall_api.obj (.text:matchProfileCS$16)
                  0000b12a    0000002a     rom_sysbios.aem3 : rom_sysbios.obj (.text:ti_sysbios_knl_Clock_getTimeout__E)
                  0000b154    00000028     driverlib.lib : aon_batmon.obj (.text:NOROM_AONBatMonTemperatureGetDegC)
                  0000b17c    00000028                   : rfc.obj (.text:NOROM_RFCDoorbellSendTo)
                  0000b1a4    00000028     drivers_cc13x0.aem3 : PowerCC26XX.oem3 (.text:Power_registerNotify)
                  0000b1cc    00000028     driverlib.lib : adi.obj (.text:SafeHapiVoid)
                  0000b1f4    00000028     TRNGCC26XX.obj (.text:TRNGCC26XX_init)
                  0000b21c    00000028     WDsDisplay.obj (.text:WDsDisplay__clear_character)
                  0000b244    00000024     icall_api.obj (.text:GAPBondMgr_Register)
                  0000b268    00000024     drivers_cc13x0.aem3 : GPIOCC26XX.oem3 (.text:GPIO_hwiIntFxn)
                  0000b28c    00000024     icall_api.obj (.text:ICall_getLocalMsgEntityId$16)
                  0000b2b0    00000024     main.obj (.text:rFSwitchNotifyCb$30)
                  0000b2d4    00000024     app_ble_pem3.oem3 (.text:ti_sysbios_BIOS_registerRTSLock__I)
                  0000b2f8    00000024     app_ble_pem3.oem3 (.text:ti_sysbios_BIOS_removeRTSLock__I)
                  0000b31c    00000024     rom_sysbios.aem3 : rom_sysbios.obj (.text:ti_sysbios_family_arm_cc26xx_Timer_getMaxTicks__E)
                  0000b340    00000022     drivers_cc13x0.aem3 : List.oem3 (.text:List_put)
                  0000b362    00000002     --HOLE-- [fill = 0]
                  0000b364    00000020     battservice.obj (.text:Batt_MeasLevel)
                  0000b384    00000020     gattservapp_util.obj (.text:GATTServApp_InitCharCfg)
                  0000b3a4    00000020     icall_api.obj (.text:ICall_allocMsg$16)
                  0000b3c4    00000020     icall_api.obj (.text:ICall_getEntityId$16)
                  0000b3e4    00000020     icall.obj (.text:ICall_primService$13)
                  0000b404    00000020     driverlib.lib : rfc.obj (.text:NOROM_RFCAdi3VcoLdoVoltageMode)
                  0000b424    00000020     dpl_cc13x0.aem3 : PowerCC26XX_tirtos.oem3 (.text:PowerCC26XX_schedulerDisable)
                  0000b444    00000020                     : PowerCC26XX_tirtos.oem3 (.text:PowerCC26XX_schedulerRestore)
                  0000b464    00000020     drivers_cc13x0.aem3 : PowerCC26XX.oem3 (.text:Power_unregisterNotify)
                  0000b484    00000020     gattservapp_util.obj (.text:gattServApp_FindCharCfgItem$21)
                  0000b4a4    00000020     dvMMA9553.obj (.text:pedometer_write_config)
                  0000b4c4    00000020     app_ble_pem3.oem3 (.text:ti_sysbios_BIOS_rtsLock__I)
                  0000b4e4    00000008     (.tramp.ti_sysbios_BIOS_RtsGateProxy_enter__E.1)
                  0000b4ec    00000020     rom_sysbios.aem3 : rom_sysbios.obj (.text:ti_sysbios_family_arm_cc26xx_Timer_dynamicStub__E)
                  0000b50c    00000020                      : rom_sysbios.obj (.text:ti_sysbios_knl_Clock_stop__E)
                  0000b52c    00000020                      : rom_sysbios.obj (.text:ti_sysbios_knl_Event_checkEvents__I)
                  0000b54c    0000001e     icall.obj (.text:ICall_primSendServiceMsg$13)
                  0000b56a    0000001e     drivers_cc13x0.aem3 : PINCC26XX.oem3 (.text:PIN_close)
                  0000b588    0000001e                         : PowerCC26XX.oem3 (.text:Power_getTransitionLatency)
                  0000b5a6    00000002     --HOLE-- [fill = 0]
                  0000b5a8    0000001c     Adafruit_GFX.obj (.text:AdafruitGFX_fillScreen)
                  0000b5c4    0000001c     icall_api.obj (.text:GATT_bm_alloc)
                  0000b5e0    0000001c     icall_api.obj (.text:GATT_bm_free)
                  0000b5fc    0000001c     driverlib.lib : chipinfo.obj (.text:NOROM_ChipInfo_GetChipFamily)
                  0000b618    0000001c     drivers_cc13x0.aem3 : PINCC26XX.oem3 (.text:PINCC26XX_setIoCfgMux)
                  0000b634    0000001c                         : PINCC26XX.oem3 (.text:PIN_hwi)
                  0000b650    0000001c     TRNGCC26XX.obj (.text:TRNGCC26XX_open)
                  0000b66c    0000001c     icall_api.obj (.text:getStatusValueFromErrNo$16)
                  0000b688    0000001c     TRNGCC26XX.obj (.text:openTRNG)
                  0000b6a4    0000001c     rom_sysbios.aem3 : rom_sysbios.obj (.text:ti_sysbios_knl_Swi_construct2__E)
                  0000b6c0    00000008     (.tramp.ti_sysbios_knl_Swi_construct.1)
                  0000b6c8    0000001a     icall_api.obj (.text:GATT_Notification)
                  0000b6e2    0000001a     icall.obj (.text:ICall_enterCSImpl)
                  0000b6fc    0000001a     icall.obj (.text:ICall_primSetTimerMSecs$13)
                  0000b716    0000001a     util.obj (.text:Util_dequeueMsg)
                  0000b730    00000008     (.tramp.ti_sysbios_knl_Queue_get__E.1)
                  0000b738    0000001a     icall_api.obj (.text:matchGattIndNotiCS$16)
                  0000b752    00000002     --HOLE-- [fill = 0]
                  0000b754    00000018     heart_rate.obj (.text:HeartRate_clockHandler$6)
                  0000b76c    00000018     icall_cc2650.obj (.text:ICallPlatform_pwrDispense)
                  0000b784    00000018     icall_cc2650.obj (.text:ICallPlatform_pwrRequire)
                  0000b79c    00000018     util.obj (.text:ICall_free$7)
                  0000b7b4    00000018     icall_api.obj (.text:ICall_freeMsg$16)
                  0000b7cc    00000018     icall.obj (.text:ICall_primMalloc$13)
                  0000b7e4    00000018     driverlib.lib : aon_rtc.obj (.text:NOROM_AONRTCCurrentCompareValueGet)
                  0000b7fc    00000018                   : chipinfo.obj (.text:NOROM_ChipInfo_GetPackageType)
                  0000b814    00000018                   : osc.obj (.text:NOROM_OSCHF_TurnOnXosc)
                  0000b82c    00000018                   : rfc.obj (.text:NOROM_RFCCpeIntGetAndClear)
                  0000b844    00000018                   : rfc.obj (.text:NOROM_RFCHWIntGetAndClear)
                  0000b85c    00000018     drivers_cc13x0.aem3 : PowerCC26XX.oem3 (.text:Power_idleFunc)
                  0000b874    00000018                         : PowerCC26XX.oem3 (.text:configureRFCoreClocks)
                  0000b88c    00000018     peripheral.obj (.text:gapRole_setEvent$25)
                  0000b8a4    00000018     dvMMA9553.obj (.text:pedometer_cmd_readstatus)
                  0000b8bc    00000018     rtsv7M3_T_le_eabi.lib : args_main.obj (.text)
                  0000b8d4    00000018                           : ll_mul_t2.obj (.text)
                  0000b8ec    00000018     Adafruit_SSD1306.obj (.text:ssd1306_command)
                  0000b904    00000018     app_ble_pem3.oem3 (.text:ti_sysbios_BIOS_rtsUnlock__I)
                  0000b91c    00000008     (.tramp.ti_sysbios_BIOS_RtsGateProxy_leave__E.1)
                  0000b924    00000018     rom_sysbios.aem3 : rom_sysbios.obj (.text:ti_sysbios_knl_Swi_or__E)
                  0000b93c    00000008     (.tramp.ti_sysbios_knl_Swi_post__E.1)
                  0000b944    00000018     app_ble_pem3.oem3 (.text:ti_sysbios_rom_cortexm_cc13xx_CC13xx_checkRevision__E)
                  0000b95c    00000016     icall.obj (.text:ICall_leaveCSImpl)
                  0000b972    00000016     icall.obj (.text:ICall_primStopTimer$13)
                  0000b988    00000016     drivers_cc13x0.aem3 : List.oem3 (.text:List_remove)
                  0000b99e    00000016     WDsDisplay.obj (.text:WDsDisplay__Clear_body)
                  0000b9b4    00000016     ble_user_config.obj (.text:driverTable_fnSpinlock)
                  0000b9ca    00000016     rtsv7M3_T_le_eabi.lib : strchr.obj (.text)
                  0000b9e0    00000016     app_ble_pem3.oem3 (.text:ti_sysbios_BIOS_exitFunc__I)
                  0000b9f6    00000014     Adafruit_GFX.obj (.text:AdafruitGFX_print)
                  0000ba0a    00000002     --HOLE-- [fill = 0]
                  0000ba0c    00000014     Adafruit_SSD1306.obj (.text:AdafruitSSD1306_clearDisplay)
                  0000ba20    00000014     Adafruit_SSD1306.obj (.text:AdafruitSSD1306_fillRect)
                  0000ba34    00000014     devinfoservice.obj (.text:DevInfo_AddService)
                  0000ba48    00000014     driverlib.lib : aon_rtc.obj (.text:NOROM_AONRTCCurrent64BitValueGet)
                  0000ba5c    00000014     rtsv7M3_T_le_eabi.lib : _lock.obj (.text)
                  0000ba70    00000014                           : strlen.obj (.text)
                  0000ba84    00000014     icall_api.obj (.text:setICallCmdEvtHdr$16)
                  0000ba98    00000014     app_ble_pem3.oem3 (.text:ti_sysbios_knl_Clock_doTick__I)
                  0000baac    00000008     (.tramp.ti_sysbios_knl_Clock_logTick__E.1)
                  0000bab4    00000014     rom_sysbios.aem3 : rom_sysbios.obj (.text:ti_sysbios_knl_Event_Instance_init__E)
                  0000bac8    00000008     (.tramp.ti_sysbios_knl_Queue_construct.1)
                  0000bad0    00000012     dpl_cc13x0.aem3 : SemaphoreP_tirtos.oem3 (.text:SemaphoreP_pend)
                  0000bae2    00000012     app_ble_pem3.oem3 (.text:xdc_runtime_Startup_exec__I)
                  0000baf4    00000008     (.tramp.xdc_runtime_Startup_startMods__I.1)
                  0000bafc    00000010     Adafruit_GFX.obj (.text:AdafruitGFX_height)
                  0000bb0c    00000010     Adafruit_GFX.obj (.text:AdafruitGFX_setTextSize)
                  0000bb1c    00000010     Adafruit_GFX.obj (.text:AdafruitGFX_writeFastHLine)
                  0000bb2c    00000010     Adafruit_GFX.obj (.text:AdafruitGFX_writeFastVLine)
                  0000bb3c    00000010     Adafruit_GFX.obj (.text:AdafruitGFX_writePixel)
                  0000bb4c    00000010     Adafruit_SSD1306.obj (.text:AdafruitSSD1306_setCursor)
                  0000bb5c    00000010     Adafruit_SSD1306.obj (.text:AdafruitSSD1306_setTextColor)
                  0000bb6c    00000010     Adafruit_SSD1306.obj (.text:AdafruitSSD1306_setTextSize)
                  0000bb7c    00000010     dpl_cc13x0.aem3 : ClockP_tirtos.oem3 (.text:ClockP_isActive)
                  0000bb8c    00000010     icall_api.obj (.text:GAP_EndDiscoverable)
                  0000bb9c    00000010     gattservapp_util.obj (.text:GATTServApp_ReadCharCfg)
                  0000bbac    00000010     dpl_cc13x0.aem3 : HwiP_tirtos.oem3 (.text:HwiP_Params_init)
                  0000bbbc    00000010     drivers_cc13x0.aem3 : I2C.oem3 (.text:I2C_Params_init)
                  0000bbcc    00000010     icall_cc2650.obj (.text:ICallPlatform_pwrGetXOSCStartupTime)
                  0000bbdc    00000010     icall.obj (.text:ICall_primGetTickPeriod$13)
                  0000bbec    00000010     icall.obj (.text:ICall_taskEntry$13)
                  0000bbfc    00000010     driverlib.lib : rfc.obj (.text:NOROM_RFCRfTrimSet)
                  0000bc0c    00000010     drivers_cc13x0.aem3 : PINCC26XX.oem3 (.text:PINCC26XX_getPinCount)
                  0000bc1c    00000010     dpl_cc13x0.aem3 : SwiP_tirtos.oem3 (.text:SwiP_Params_init)
                  0000bc2c    00000010     util.obj (.text:Util_isActive)
                  0000bc3c    00000010     wearableDevice.obj (.text:countSleepClockStructFunction)
                  0000bc4c    00000010     drivers_cc13x0.aem3 : I2CCC26XX.oem3 (.text:i2cPostNotify)
                  0000bc5c    00000010     rom_sysbios.aem3 : rom_sysbios.obj (.text:ti_sysbios_family_arm_m3_Hwi_post__E)
                  0000bc6c    0000000e     icall_cc2650.obj (.text:ICallPlatform_pwrGetTransitionState)
                  0000bc7a    0000000e     icall_cc2650.obj (.text:ICallPlatform_pwrIsStableXOSCHF)
                  0000bc88    0000000e     icall.obj (.text:ICall_primDisableMInt$13)
                  0000bc96    0000000e     icall.obj (.text:ICall_primEnableMInt$13)
                  0000bca4    00000008     (.tramp.ti_sysbios_family_arm_m3_Hwi_enableFxn__E.1)
                  0000bcac    00000008     (.tramp.ti_sysbios_knl_Task_enable__E.1)
                  0000bcb4    0000000e     icall.obj (.text:ICall_primFreeMsg$13)
                  0000bcc2    0000000e     icall.obj (.text:ICall_primGetTicks$13)
[...]
20000230  i2c                                                                       
2000023c  i2cParams                                                                 
2000024c  operationEvent                                                            
20000260  operationEvent1                                                           
20000274  elementHead                                                               
2000028c  sem0Struct                                                                
200002a8  sem1Struct                                                                
200002c4  i2cTransaction                                                            
200002e0  countSleepClockStruct                                                     
20000304  mainClockStruct                                                           
20000364  mainTaskStruct                                                            
200003b4  primaryTaskStruct                                                         
20000c05  gapProfileState                                                           
20000c06  heartRateBpm                                                              
20000c14  dispHandle                                                                
20000cd4  HeartRate_task                                                            
20000d24  HeartRate_taskStack                                                       
20001124  _i2caddr                                                                  
20001125  _vccstate                                                                 
20001126  sid                                                                       
20001127  sclk                                                                      
20001128  dc                                                                        
20001129  rst                                                                       
2000112a  cs                                                                        
2000152c  linkDBNumConns                                                            
20001640  gapRoleTask                                                               
20001690  gapRoleTaskStack                                                          
20001c08  pinUpperBound                                                             
20001c0c  pinLowerBound                                                             
20001ca0  pinHandleTable                                                            
20001d1c  PowerCC26XX_module                                                        
20001e30  ICall_dispatcher                                                          
20001e38  ICall_enterCriticalSection                                                
20001e3c  ICall_leaveCriticalSection                                                
20001e54  HEAPMGR_SIZE                                                              
20001f56  level                                                                     
20001f58  batt                                                                      
20001f5a  tt                                                                        
20001f6c  temp                                                                      
20001fd4  ti_sysbios_knl_Task_Module_State_0_readyQ__A                              
200020a8  rfRegTbl                                                                  
200020fc  ti_sysbios_knl_Task_Object__table__V                                      
20002148  ti_sysbios_family_arm_cc26xx_Timer_Object__table__V                       
20002190  ti_sysbios_gates_GateMutex_Object__table__V                               
200021c8  radCtrlHandle                                                             
200021cc  radCtrlState                                                              
200021d8  radCtrlCfg                                                                
200021e4  rFSwitchPowerNotifyObj                                                    
200021f8  ti_sysbios_knl_Swi_Module_State_0_readyQ__A                               
20002228  ti_sysbios_knl_Swi_Object__table__V                                       
20002258  user0Cfg                                                                  
20002288  ti_sysbios_knl_Clock_Object__table__V                                     
200022a8  xdc_runtime_Error_IgnoreBlock                                             
200022c8  ti_sysbios_family_arm_m3_Hwi_Object__table__V                             
200022e0  ti_sysbios_heaps_HeapMem_Object__table__V                                 
2000234e  ti_sysbios_family_arm_m3_Hwi_Module_State_0_excActive__A                  
20002350  gpioPinConfigs                                                            
20002360  __TI_cleanup_ptr                                                          
20002364  __TI_dtors_ptr                                                            
20002368  __TI_enable_exit_profile_output                                           
2000236c  lastAppOpcodeSent                                                         
20002370  pfnBMAlloc                                                                
20002374  pfnBMFree                                                                 
2000238c  _lock                                                                     
20002390  _unlock                                                                   
2000239c  gpioCallbackFunctions                                                     
200023a4  postmask$AdafruitSSD1306_drawFastVLineInternal_1                          
200023ac  premask$AdafruitSSD1306_drawFastVLineInternal_1                           
200023b4  ti_sysbios_family_arm_cc26xx_Seconds_Module__state__V                     
200023bc  ti_sysbios_family_arm_m3_Hwi_Module__root__V                              
200023c4  ti_sysbios_gates_GateHwi_Module__root__V                                  
200023cc  ti_sysbios_gates_GateMutex_Module__root__V                                
200023d4  ti_sysbios_hal_Hwi_Module__root__V                                        
200023dc  ti_sysbios_heaps_HeapMem_Module__root__V                                  
200023e4  ti_sysbios_knl_Clock_Module__root__V                                      
200023ec  ti_sysbios_knl_Event_Module__root__V                                      
200023f4  ti_sysbios_knl_Mailbox_Module__root__V                                    
200023fc  ti_sysbios_knl_Queue_Module__root__V                                      
20002404  ti_sysbios_knl_Semaphore_Module__root__V                                  
2000240c  ti_sysbios_knl_Swi_Module__root__V                                        
20002414  ti_sysbios_knl_Task_Module__root__V                                       
2000241c  timestamp                                                                 
20002420  heartRateNumber                                                           
20002428  appAssertCback                                                            
20002430  errno                                                                     
20002434  main_func_sp                                                              
20002438  ti_sysbios_family_arm_m3_Hwi_Module_State_0_excContext__A                 
2000243c  ti_sysbios_family_arm_m3_Hwi_Module_State_0_excStack__A                   
20002440  ti_sysbios_knl_Task_Module_State_0_idleTask__A                            
20002448  ti_sysbios_heaps_HeapMem_Instance_State_0_buf__A                          
20002ac8  ti_sysbios_knl_Task_Instance_State_0_stack__A                             
20002f64  i2cCC26xxObjects                                                          
20003044  ti_sysbios_family_arm_m3_Hwi_dispatchTable                                
2000310c  textsize                                                                  
2000310d  rotation                                                                  
2000310e  wrap                                                                      
2000310f  _cp437                                                                    
20003110  WIDTH                                                                     
20003112  HEIGHT                                                                    
20003114  _width                                                                    
20003116  _height                                                                   
20003118  cursor_x                                                                  
2000311a  cursor_y                                                                  
2000311c  textcolor                                                                 
2000311e  textbgcolor                                                               
20003120  gfxFont                                                                   
20003124  P_drawPixel                                                               
20003128  P_startWrite                                                              
2000312c  P_writePixel                                                              
20003130  P_writeFillRect                                                           
20003134  P_writeFastVLine                                                          
20003138  P_writeFastHLine                                                          
2000313c  P_writeLine                                                               
20003140  P_endWrite                                                                
20003144  PsetRotation                                                              
20003148  P_drawFastVLine                                                           
2000314c  P_drawFastHLine                                                           
20003150  P_fillRect                                                                
20003154  P_fillScreen                                                              
20003158  P_drawLine                                                                
2000315c  P_drawRect                                                                
20003160  P_setCursor                                                               
20003164  P_setTextColor                                                            
20003168  P_setTextSize                                                             
2000316c  P_write                                                                   
200031a8  id                                                                        
200031ac  microsecond                                                               
200031b0  millisecond                                                               
200031b4  second                                                                    
200031b8  minute                                                                    
200031bc  hour                                                                      
200031c0  day                                                                       
200031c4  month                                                                     
200031c8  year                                                                      
200031cc  century                                                                   
200031d0  millenium                                                                 
20003220  PowerCC26XX_taskKey                                                       
20003224  PowerCC26XX_swiKey                                                        
20003230  colon_status                                                              
20003231  footsteps_status                                                          
20003232  heart_status                                                              
20003234  ClockP_tickPeriod                                                         
20003238  trngCC26XXObjects                                                         
2000323c  driverlib_release_0_49471                                                 
2000323d  heapStart                                                                 
20003f18  __stack                                                                   
20003f18  heapEnd                                                                   
20004318  __STACK_END                                                               
20004318  __STACK_TOP                                                               
20004f2c  A4_rw                                                                     
20004f2c  COMMON_RAM_BASE_ADDR                                                      
20004f40  P2_rw                                                                     
20004f40  P2_s0                                                                     
20004f40  eccRom_windowSize                                                         
20004f44  eccRom_workzone                                                           
20004f48  eccRom_param_p                                                            
20004f4c  eccRom_param_r                                                            
20004f50  eccRom_param_a                                                            
20004f54  inScalar                                                                  
20004f58  inPointX                                                                  
20004f5c  inPointY                                                                  
20004f60  outPointX                                                                 
20004f64  outPointY                                                                 
20004f68  SCAL                                                                      
20004f6c  EXPX                                                                      
20004f70  EXPY                                                                      
20004f74  EXPZ                                                                      
20004f78  EXPW                                                                      
20004f7c  ACCX                                                                      
20004f80  ACCY                                                                      
20004f84  ACCZ                                                                      
20004f88  TMP1                                                                      
20004f8c  TMP2                                                                      
20004f90  TMP3                                                                      
20004f94  TMP4                                                                      
20004f98  TMP5                                                                      
20004f9c  TMP6                                                                      
20004fa0  eccRom_param_Gx                                                           
20004fa4  eccRom_param_Gy                                                           
20004fa8  eccRom_param_b                                                            
20004fac  P2_zi                                                                     
20004fac  ratChanInfo                                                               
20004fcc  fwInfoCmd                                                                 
20004fd8  MSBMOD                                                                    
20004fdc  aux64                                                                     
20004fe4  MOD                                                                       
20004fe8  LEN                                                                       
20004ffc  pSspAesEncrypt_Sw                                                         
e000e000  ti_sysbios_family_arm_m3_Hwi_nvic                                         
ffffffff  __TI_pprof_out_hndl                                                       
ffffffff  __TI_prof_data_size                                                       
ffffffff  __TI_prof_data_start                                                      
ffffffff  __binit__                                                                 
ffffffff  binit                                                                     
UNDEFED   ClockP_getSystemTicks                                                     
UNDEFED   HwiP_restore                                                              
UNDEFED   SHT$$INIT_ARRAY$$Base                                                     
UNDEFED   SHT$$INIT_ARRAY$$Limit                                                    
UNDEFED   SwiP_restore                                                              
UNDEFED   ti_sysbios_BIOS_RtsGateProxy_Handle__label__S__mangled__                  
UNDEFED   ti_sysbios_BIOS_RtsGateProxy_Params__init__S__mangled__                   
UNDEFED   ti_sysbios_BIOS_RtsGateProxy_query__E__mangled__                          
UNDEFED   ti_sysbios_hal_Hwi_HwiProxy_Module__startupDone__S__mangled__             
UNDEFED   ti_sysbios_hal_Hwi_HwiProxy_Params__init__S__mangled__                    
UNDEFED   ti_sysbios_hal_Hwi_HwiProxy_disableInterrupt__E__mangled__                
UNDEFED   ti_sysbios_hal_Hwi_HwiProxy_enableInterrupt__E__mangled__                 
UNDEFED   ti_sysbios_hal_Hwi_HwiProxy_getStackInfo__E__mangled__                    
UNDEFED   ti_sysbios_hal_Hwi_HwiProxy_startup__E__mangled__                         
UNDEFED   ti_sysbios_hal_Hwi_HwiProxy_switchFromBootStack__E__mangled__             
UNDEFED   ti_sysbios_hal_Hwi_disableInterrupt__E                                    
UNDEFED   ti_sysbios_hal_Hwi_enableInterrupt__E                                     
UNDEFED   ti_sysbios_hal_Hwi_getStackInfo__E                                        
UNDEFED   ti_sysbios_hal_Hwi_startup__E                                             
UNDEFED   ti_sysbios_hal_Hwi_switchFromBootStack__E                                 
UNDEFED   ti_sysbios_heaps_HeapMem_Module_GateProxy_Handle__label__S__mangled__     
UNDEFED   ti_sysbios_heaps_HeapMem_Module_GateProxy_Params__init__S__mangled__      
UNDEFED   ti_sysbios_heaps_HeapMem_Module_GateProxy_query__E__mangled__             
UNDEFED   ti_sysbios_knl_Clock_TimerProxy_Module__startupDone__S__mangled__         
UNDEFED   ti_sysbios_knl_Clock_TimerProxy_startup__E__mangled__                     
UNDEFED   ti_sysbios_knl_Task_SupportProxy_Module__startupDone__S__mangled__        
UNDEFED   ti_sysbios_knl_Task_SupportProxy_getStackAlignment__E__mangled__          
UNDEFED   ti_sysbios_knl_Task_SupportProxy_start__E__mangled__                      
UNDEFED   ti_sysbios_knl_Task_SupportProxy_swap__E__mangled__                       
UNDEFED   xdc_runtime_Main_Module_GateProxy_Handle__label__S                        
UNDEFED   xdc_runtime_Main_Module_GateProxy_query__E                                
UNDEFED   xdc_runtime_Memory_HeapProxy_Handle__label__S__mangled__                  
UNDEFED   xdc_runtime_System_Module_GateProxy_Handle__label__S__mangled__           
UNDEFED   xdc_runtime_System_Module_GateProxy_query__E__mangled__                   
UNDEFED   xdc_runtime_System_SupportProxy_abort__E                                  
UNDEFED   xdc_runtime_System_SupportProxy_exit__E                                   
UNDEFED   xdc_runtime_Timestamp_SupportProxy_get64__E__mangled__                    
UNDEFED   xdc_runtime_Timestamp_SupportProxy_getFreq__E__mangled__                  
UNDEFED   xdc_runtime_Timestamp_get32__E                                            
UNDEFED   xdc_runtime_Timestamp_get64__E                                            
UNDEFED   xdc_runtime_Timestamp_getFreq__E                                          

[1314 symbols]
